Archive member included to satisfy reference by file (symbol)

app/libapp.a(main.c.obj)      (--whole-archive)
zephyr/libzephyr.a(heap.c.obj)
                              (--whole-archive)
zephyr/libzephyr.a(cbprintf_packaged.c.obj)
                              (--whole-archive)
zephyr/libzephyr.a(clock.c.obj)
                              (--whole-archive)
zephyr/libzephyr.a(printk.c.obj)
                              (--whole-archive)
zephyr/libzephyr.a(sem.c.obj)
                              (--whole-archive)
zephyr/libzephyr.a(thread_entry.c.obj)
                              (--whole-archive)
zephyr/libzephyr.a(cbprintf_complete.c.obj)
                              (--whole-archive)
zephyr/libzephyr.a(assert.c.obj)
                              (--whole-archive)
zephyr/libzephyr.a(dec.c.obj)
                              (--whole-archive)
zephyr/libzephyr.a(hex.c.obj)
                              (--whole-archive)
zephyr/libzephyr.a(rb.c.obj)  (--whole-archive)
zephyr/libzephyr.a(timeutil.c.obj)
                              (--whole-archive)
zephyr/libzephyr.a(bitarray.c.obj)
                              (--whole-archive)
zephyr/libzephyr.a(onoff.c.obj)
                              (--whole-archive)
zephyr/libzephyr.a(notify.c.obj)
                              (--whole-archive)
zephyr/libzephyr.a(ring_buffer.c.obj)
                              (--whole-archive)
zephyr/libzephyr.a(last_section_id.c.obj)
                              (--whole-archive)
zephyr/libzephyr.a(configs.c.obj)
                              (--whole-archive)
zephyr/libzephyr.a(mem_attr.c.obj)
                              (--whole-archive)
zephyr/libzephyr.a(tracing_none.c.obj)
                              (--whole-archive)
zephyr/arch/common/libarch__common.a(sw_isr_common.c.obj)
                              (--whole-archive)
zephyr/arch/arch/arm/core/libarch__arm__core.a(fatal.c.obj)
                              (--whole-archive)
zephyr/arch/arch/arm/core/libarch__arm__core.a(nmi.c.obj)
                              (--whole-archive)
zephyr/arch/arch/arm/core/libarch__arm__core.a(nmi_on_reset.S.obj)
                              (--whole-archive)
zephyr/arch/arch/arm/core/libarch__arm__core.a(tls.c.obj)
                              (--whole-archive)
zephyr/arch/arch/arm/core/cortex_m/libarch__arm__core__cortex_m.a(exc_exit.c.obj)
                              (--whole-archive)
zephyr/arch/arch/arm/core/cortex_m/libarch__arm__core__cortex_m.a(fault.c.obj)
                              (--whole-archive)
zephyr/arch/arch/arm/core/cortex_m/libarch__arm__core__cortex_m.a(fault_s.S.obj)
                              (--whole-archive)
zephyr/arch/arch/arm/core/cortex_m/libarch__arm__core__cortex_m.a(fpu.c.obj)
                              (--whole-archive)
zephyr/arch/arch/arm/core/cortex_m/libarch__arm__core__cortex_m.a(reset.S.obj)
                              (--whole-archive)
zephyr/arch/arch/arm/core/cortex_m/libarch__arm__core__cortex_m.a(scb.c.obj)
                              (--whole-archive)
zephyr/arch/arch/arm/core/cortex_m/libarch__arm__core__cortex_m.a(thread_abort.c.obj)
                              (--whole-archive)
zephyr/arch/arch/arm/core/cortex_m/libarch__arm__core__cortex_m.a(vector_table.S.obj)
                              (--whole-archive)
zephyr/arch/arch/arm/core/cortex_m/libarch__arm__core__cortex_m.a(swap_helper.S.obj)
                              (--whole-archive)
zephyr/arch/arch/arm/core/cortex_m/libarch__arm__core__cortex_m.a(irq_manage.c.obj)
                              (--whole-archive)
zephyr/arch/arch/arm/core/cortex_m/libarch__arm__core__cortex_m.a(prep_c.c.obj)
                              (--whole-archive)
zephyr/arch/arch/arm/core/cortex_m/libarch__arm__core__cortex_m.a(thread.c.obj)
                              (--whole-archive)
zephyr/arch/arch/arm/core/cortex_m/libarch__arm__core__cortex_m.a(cpu_idle.c.obj)
                              (--whole-archive)
zephyr/arch/arch/arm/core/cortex_m/libarch__arm__core__cortex_m.a(irq_init.c.obj)
                              (--whole-archive)
zephyr/arch/arch/arm/core/cortex_m/libarch__arm__core__cortex_m.a(isr_wrapper.c.obj)
                              (--whole-archive)
zephyr/arch/arch/arm/core/cortex_m/libarch__arm__core__cortex_m.a(__aeabi_read_tp.S.obj)
                              (--whole-archive)
zephyr/arch/arch/arm/core/mpu/libarch__arm__core__mpu.a(arm_core_mpu.c.obj)
                              (--whole-archive)
zephyr/arch/arch/arm/core/mpu/libarch__arm__core__mpu.a(arm_mpu.c.obj)
                              (--whole-archive)
zephyr/arch/arch/arm/core/mpu/libarch__arm__core__mpu.a(arm_mpu_regions.c.obj)
                              (--whole-archive)
zephyr/lib/libc/picolibc/liblib__libc__picolibc.a(assert.c.obj)
                              (--whole-archive)
zephyr/lib/libc/picolibc/liblib__libc__picolibc.a(cbprintf.c.obj)
                              (--whole-archive)
[...]
Memory Configuration

Name             Origin             Length             Attributes
FLASH            0x0000000000000000 0x0000000000100000 xr
RAM              0x0000000020000000 0x0000000000040000 xw
IDT_LIST         0x00000000ffff7fff 0x0000000000008000 xw
*default*        0x0000000000000000 0xffffffffffffffff

Linker script and memory map

                0x00000000000165ec                vfprintf = __l_vfprintf
                0x0000000000000000                vfscanf = __l_vfscanf
LOAD zephyr/CMakeFiles/zephyr_final.dir/misc/empty_file.c.obj
LOAD zephyr/CMakeFiles/zephyr_final.dir/isr_tables.c.obj
LOAD zephyr/CMakeFiles/offsets.dir/./arch/arm/core/offsets/offsets.c.obj
LOAD app/libapp.a
LOAD zephyr/libzephyr.a
LOAD zephyr/arch/common/libarch__common.a
LOAD zephyr/arch/arch/arm/core/libarch__arm__core.a
LOAD zephyr/arch/arch/arm/core/cortex_m/libarch__arm__core__cortex_m.a
LOAD zephyr/arch/arch/arm/core/mpu/libarch__arm__core__mpu.a
LOAD zephyr/lib/libc/picolibc/liblib__libc__picolibc.a
LOAD zephyr/lib/libc/common/liblib__libc__common.a
LOAD zephyr/lib/net_buf/liblib__net_buf.a
LOAD zephyr/lib/smf/liblib__smf.a
LOAD zephyr/soc/soc/nrf52840/libsoc__nordic.a
LOAD zephyr/subsys/random/libsubsys__random.a
LOAD zephyr/subsys/bluetooth/common/libsubsys__bluetooth__common.a
LOAD zephyr/subsys/bluetooth/host/libsubsys__bluetooth__host.a
LOAD zephyr/subsys/bluetooth/controller/libsubsys__bluetooth__controller.a
LOAD zephyr/subsys/bluetooth/controller/ll_sw/nordic/libsubsys__bluetooth__controller__ll_sw__nordic.a
LOAD zephyr/drivers/clock_control/libdrivers__clock_control.a
LOAD zephyr/drivers/console/libdrivers__console.a
LOAD zephyr/drivers/entropy/libdrivers__entropy.a
LOAD zephyr/drivers/gpio/libdrivers__gpio.a
LOAD zephyr/drivers/pinctrl/libdrivers__pinctrl.a
LOAD zephyr/drivers/pwm/libdrivers__pwm.a
LOAD zephyr/drivers/serial/libdrivers__serial.a
LOAD zephyr/drivers/timer/libdrivers__timer.a
LOAD modules/eie_nrf52840.git/drivers/BTN/lib..__eie_nrf52840.git__drivers__BTN.a
LOAD modules/eie_nrf52840.git/drivers/LED/lib..__eie_nrf52840.git__drivers__LED.a
LOAD modules/hal_nordic/nrfx/libmodules__hal_nordic__nrfx.a
LOAD zephyr/kernel/libkernel.a
LOAD zephyr/arch/common/libisr_tables.a
LOAD c:\users\sahan\zephyr-sdk-0.17.2\arm-zephyr-eabi\bin\../lib/gcc/../../picolibc/arm-zephyr-eabi/lib/thumb/v7e-m/nofp\libc.a
LOAD c:/users/sahan/zephyr-sdk-0.17.2/arm-zephyr-eabi/bin/../lib/gcc/arm-zephyr-eabi/12.2.0/thumb/v7e-m/nofp\libgcc.a
                0x0000000000000020                _region_min_align = 0x20

.rel.plt        0x0000000000000000        0x0
 *(SORT_BY_ALIGNMENT(.rel.plt))
                [!provide]                        PROVIDE (__rel_iplt_start = .)
 *(SORT_BY_ALIGNMENT(.rel.iplt))
 .rel.iplt      0x0000000000000000        0x0 zephyr/CMakeFiles/zephyr_final.dir/isr_tables.c.obj
                [!provide]                        PROVIDE (__rel_iplt_end = .)

.rela.plt       0x0000000000000000        0x0
 *(SORT_BY_ALIGNMENT(.rela.plt))
                [!provide]                        PROVIDE (__rela_iplt_start = .)
 *(SORT_BY_ALIGNMENT(.rela.iplt))
                [!provide]                        PROVIDE (__rela_iplt_end = .)

.rel.dyn
 *(SORT_BY_ALIGNMENT(.rel.*))

.rela.dyn
 *(SORT_BY_ALIGNMENT(.rela.*))

/DISCARD/
 *(SORT_BY_ALIGNMENT(.plt))

/DISCARD/
 *(SORT_BY_ALIGNMENT(.iplt))
                0x0000000000000000                __rom_region_start = 0x0

rom_start       0x0000000000000000      0x100
                0x0000000000000000                __rom_start_address = .
 FILL mask 0x00
                0x0000000000000000                . = (. + (0x0 - (. - __rom_start_address)))
                0x0000000000000000                . = ALIGN (0x4)
                0x0000000000000000                . = ALIGN (0x80)
                0x0000000000000000                . = ALIGN (0x100)
                0x0000000000000000                _vector_start = .
 *(SORT_BY_ALIGNMENT(.exc_vector_table))
 *(SORT_BY_ALIGNMENT(.exc_vector_table.*))
 .exc_vector_table._vector_table_section
                0x0000000000000000       0x40 zephyr/arch/arch/arm/core/cortex_m/libarch__arm__core__cortex_m.a(vector_table.S.obj)
                0x0000000000000000                _vector_table
 *(SORT_BY_ALIGNMENT(.vectors))
                0x0000000000000100                _vector_end = .
                0x0000000000000040                . = ALIGN (0x4)
 *(SORT_BY_ALIGNMENT(.gnu.linkonce.irq_vector_table*))
 .gnu.linkonce.irq_vector_table
                0x0000000000000040       0xc0 zephyr/CMakeFiles/zephyr_final.dir/isr_tables.c.obj
                0x0000000000000040                _irq_vector_table
                0x0000000000000100                _vector_end = .

text            0x0000000000000100    0x19ec4
                0x0000000000000100                __text_region_start = .
 *(SORT_BY_ALIGNMENT(.text))
 .text          0x0000000000000100       0x30 c:/users/sahan/zephyr-sdk-0.17.2/arm-zephyr-eabi/bin/../lib/gcc/arm-zephyr-eabi/12.2.0/thumb/v7e-m/nofp\libgcc.a(_aeabi_uldivmod.o)
                0x0000000000000100                __aeabi_uldivmod
 .text          0x0000000000000130        0x4 c:/users/sahan/zephyr-sdk-0.17.2/arm-zephyr-eabi/bin/../lib/gcc/arm-zephyr-eabi/12.2.0/thumb/v7e-m/nofp\libgcc.a(_dvmd_tls.o)
                0x0000000000000130                __aeabi_idiv0
                0x0000000000000130                __aeabi_ldiv0
 .text          0x0000000000000134       0x10 c:\users\sahan\zephyr-sdk-0.17.2\arm-zephyr-eabi\bin\../lib/gcc/../../picolibc/arm-zephyr-eabi/lib/thumb/v7e-m/nofp\libc.a(strcpy.S.o)
                0x0000000000000134                strcpy
 .text          0x0000000000000144       0x10 c:\users\sahan\zephyr-sdk-0.17.2\arm-zephyr-eabi\bin\../lib/gcc/../../picolibc/arm-zephyr-eabi/lib/thumb/v7e-m/nofp\libc.a(strlen.S.o)
                0x0000000000000144                strlen
 .text          0x0000000000000154      0x2a0 c:/users/sahan/zephyr-sdk-0.17.2/arm-zephyr-eabi/bin/../lib/gcc/arm-zephyr-eabi/12.2.0/thumb/v7e-m/nofp\libgcc.a(_udivmoddi4.o)
                0x0000000000000154                __udivmoddi4
 *(SORT_BY_ALIGNMENT(.text.*))
 *fill*         0x00000000000003f4        0x4 
 .text.ull_drift_ticks_get
                0x00000000000003f8       0x90 zephyr/subsys/bluetooth/controller/libsubsys__bluetooth__controller.a(ull.c.obj)
                0x00000000000003f8                ull_drift_ticks_get
 .text.ll_adv_enable
                0x0000000000000488      0x338 zephyr/subsys/bluetooth/controller/libsubsys__bluetooth__controller.a(ull_adv.c.obj)
                0x0000000000000488                ll_adv_enable
 .text.ull_adv_time_update
                0x00000000000007c0       0xbc zephyr/subsys/bluetooth/controller/libsubsys__bluetooth__controller.a(ull_adv.c.obj)
                0x00000000000007c0                ull_adv_time_update
 *fill*         0x000000000000087c        0x4 
 .text.ull_conn_update_ticker.constprop.0
                0x0000000000000880      0x134 zephyr/subsys/bluetooth/controller/libsubsys__bluetooth__controller.a(ull_conn.c.obj)
 *fill*         0x00000000000009b4        0x4 
 .text.ull_conn_done
                0x00000000000009b8      0x408 zephyr/subsys/bluetooth/controller/libsubsys__bluetooth__controller.a(ull_conn.c.obj)
                0x00000000000009b8                ull_conn_done
 .text.ull_conn_update_parameters
                0x0000000000000dc0      0x2d8 zephyr/subsys/bluetooth/controller/libsubsys__bluetooth__controller.a(ull_conn.c.obj)
                0x0000000000000dc0                ull_conn_update_parameters
 .text.ull_periph_setup
                0x0000000000001098      0x440 zephyr/subsys/bluetooth/controller/libsubsys__bluetooth__controller.a(ull_peripheral.c.obj)
                0x0000000000001098                ull_periph_setup
 .text.prepare_cb
                0x00000000000014d8      0x14c zephyr/subsys/bluetooth/controller/ll_sw/nordic/libsubsys__bluetooth__controller__ll_sw__nordic.a(lll_adv.c.obj)
 *fill*         0x0000000000001624        0x4 
 .text.prepare_cb
                0x0000000000001628      0x260 zephyr/subsys/bluetooth/controller/ll_sw/nordic/libsubsys__bluetooth__controller__ll_sw__nordic.a(lll_peripheral.c.obj)
 .text._led_pwm_preserve_blink
                0x0000000000001888       0xc8 modules/eie_nrf52840.git/drivers/LED/lib..__eie_nrf52840.git__drivers__LED.a(led.c.obj)
 .text.ble_custom_service_write
                0x0000000000001950       0xd4 app/libapp.a(main.c.obj)
 .text.main     0x0000000000001a24       0xa4 app/libapp.a(main.c.obj)
                0x0000000000001a24                main
 .text.char_out
                0x0000000000001ac8        0xc zephyr/libzephyr.a(printk.c.obj)
 .text.__printk_hook_install
                0x0000000000001ad4        0xc zephyr/libzephyr.a(printk.c.obj)
                0x0000000000001ad4                __printk_hook_install
 .text.vprintk  0x0000000000001ae0       0x30 zephyr/libzephyr.a(printk.c.obj)
                0x0000000000001ae0                vprintk
 .text.z_thread_entry
                0x0000000000001b10       0x34 zephyr/libzephyr.a(thread_entry.c.obj)
                0x0000000000001b10                z_thread_entry
 .text.process_event
                0x0000000000001b44      0x21c zephyr/libzephyr.a(onoff.c.obj)
 .text.mem_attr_get_regions
                0x0000000000001d60        0xc zephyr/libzephyr.a(mem_attr.c.obj)
                0x0000000000001d60                mem_attr_get_regions
 .text.z_SysNmiOnReset
                0x0000000000001d6c        0x8 zephyr/arch/arch/arm/core/libarch__arm__core.a(nmi_on_reset.S.obj)
                0x0000000000001d6c                z_SysNmiOnReset
 .text.arch_tls_stack_setup
                0x0000000000001d74       0x40 zephyr/arch/arch/arm/core/libarch__arm__core.a(tls.c.obj)
                0x0000000000001d74                arch_tls_stack_setup
 .text._HandlerModeExit
                0x0000000000001db4       0x20 zephyr/arch/arch/arm/core/cortex_m/libarch__arm__core__cortex_m.a(exc_exit.c.obj)
                0x0000000000001db4                z_arm_int_exit
                0x0000000000001db4                z_arm_exc_exit
 .text.mem_manage_fault
                0x0000000000001dd4       0xa0 zephyr/arch/arch/arm/core/cortex_m/libarch__arm__core__cortex_m.a(fault.c.obj)
 .text.usage_fault.constprop.0
                0x0000000000001e74       0x54 zephyr/arch/arch/arm/core/cortex_m/libarch__arm__core__cortex_m.a(fault.c.obj)
 .text.bus_fault.constprop.0
                0x0000000000001ec8       0x6c zephyr/arch/arch/arm/core/cortex_m/libarch__arm__core__cortex_m.a(fault.c.obj)
 .text.z_arm_fault
                0x0000000000001f34      0x128 zephyr/arch/arch/arm/core/cortex_m/libarch__arm__core__cortex_m.a(fault.c.obj)
                0x0000000000001f34                z_arm_fault
 .text.z_arm_fault_init
                0x000000000000205c       0x18 zephyr/arch/arch/arm/core/cortex_m/libarch__arm__core__cortex_m.a(fault.c.obj)
                0x000000000000205c                z_arm_fault_init
 .text.__fault  0x0000000000002074       0x14 zephyr/arch/arch/arm/core/cortex_m/libarch__arm__core__cortex_m.a(fault_s.S.obj)
                0x0000000000002074                z_arm_usage_fault
                0x0000000000002074                z_arm_mpu_fault
                0x0000000000002074                z_arm_exc_spurious
                0x0000000000002074                z_arm_debug_monitor
                0x0000000000002074                z_arm_hard_fault
                0x0000000000002074                z_arm_bus_fault
 .text._reset_section
                0x0000000000002088       0x38 zephyr/arch/arch/arm/core/cortex_m/libarch__arm__core__cortex_m.a(reset.S.obj)
                0x0000000000002088                __start
                0x0000000000002088                z_arm_reset
 .text.z_impl_k_thread_abort
                0x00000000000020c0       0x2c zephyr/arch/arch/arm/core/cortex_m/libarch__arm__core__cortex_m.a(thread_abort.c.obj)
                0x00000000000020c0                z_impl_k_thread_abort
 .text.z_arm_pendsv
                0x00000000000020ec       0x60 zephyr/arch/arch/arm/core/cortex_m/libarch__arm__core__cortex_m.a(swap_helper.S.obj)
                0x00000000000020ec                z_arm_pendsv
 .text.z_arm_svc
                0x000000000000214c       0x24 zephyr/arch/arch/arm/core/cortex_m/libarch__arm__core__cortex_m.a(swap_helper.S.obj)
                0x000000000000214c                z_arm_svc
 .text.arm_irq_enable
                0x0000000000002170       0x1c zephyr/arch/arch/arm/core/cortex_m/libarch__arm__core__cortex_m.a(irq_manage.c.obj)
                0x0000000000002170                arm_irq_enable
 .text.arm_irq_disable
                0x000000000000218c       0x28 zephyr/arch/arch/arm/core/cortex_m/libarch__arm__core__cortex_m.a(irq_manage.c.obj)
                0x000000000000218c                arm_irq_disable
 .text.arm_irq_is_enabled
                0x00000000000021b4       0x1c zephyr/arch/arch/arm/core/cortex_m/libarch__arm__core__cortex_m.a(irq_manage.c.obj)
                0x00000000000021b4                arm_irq_is_enabled
 .text.arm_irq_priority_set
                0x00000000000021d0       0x30 zephyr/arch/arch/arm/core/cortex_m/libarch__arm__core__cortex_m.a(irq_manage.c.obj)
                0x00000000000021d0                arm_irq_priority_set
 .text.relocate_vector_table
                0x0000000000002200       0x1c zephyr/arch/arch/arm/core/cortex_m/libarch__arm__core__cortex_m.a(prep_c.c.obj)
                0x0000000000002200                relocate_vector_table
 .text.z_prep_c
                0x000000000000221c       0x38 zephyr/arch/arch/arm/core/cortex_m/libarch__arm__core__cortex_m.a(prep_c.c.obj)
                0x000000000000221c                z_prep_c
 .text.arch_new_thread
                0x0000000000002254       0x38 zephyr/arch/arch/arm/core/cortex_m/libarch__arm__core__cortex_m.a(thread.c.obj)
                0x0000000000002254                arch_new_thread
 .text.z_check_thread_stack_fail
                0x000000000000228c       0x2c zephyr/arch/arch/arm/core/cortex_m/libarch__arm__core__cortex_m.a(thread.c.obj)
                0x000000000000228c                z_check_thread_stack_fail
 .text.arch_switch_to_main_thread
                0x00000000000022b8       0x3c zephyr/arch/arch/arm/core/cortex_m/libarch__arm__core__cortex_m.a(thread.c.obj)
                0x00000000000022b8                arch_switch_to_main_thread
 .text.z_arm_cpu_idle_init
                0x00000000000022f4        0xc zephyr/arch/arch/arm/core/cortex_m/libarch__arm__core__cortex_m.a(cpu_idle.c.obj)
                0x00000000000022f4                z_arm_cpu_idle_init
 .text.z_arm_interrupt_init
                0x0000000000002300       0x18 zephyr/arch/arch/arm/core/cortex_m/libarch__arm__core__cortex_m.a(irq_init.c.obj)
                0x0000000000002300                z_arm_interrupt_init
 .text._isr_wrapper
                0x0000000000002318       0x24 zephyr/arch/arch/arm/core/cortex_m/libarch__arm__core__cortex_m.a(isr_wrapper.c.obj)
                0x0000000000002318                _isr_wrapper
 .text.z_arm_configure_static_mpu_regions
                0x000000000000233c       0x18 zephyr/arch/arch/arm/core/mpu/libarch__arm__core__mpu.a(arm_core_mpu.c.obj)
                0x000000000000233c                z_arm_configure_static_mpu_regions
 .text.z_arm_configure_dynamic_mpu_regions
                0x0000000000002354       0x20 zephyr/arch/arch/arm/core/mpu/libarch__arm__core__mpu.a(arm_core_mpu.c.obj)
                0x0000000000002354                z_arm_configure_dynamic_mpu_regions
 .text.region_init
                0x0000000000002374       0x28 zephyr/arch/arch/arm/core/mpu/libarch__arm__core__mpu.a(arm_mpu.c.obj)
 .text.mpu_configure_regions
                0x000000000000239c       0x6c zephyr/arch/arch/arm/core/mpu/libarch__arm__core__mpu.a(arm_mpu.c.obj)
 .text.arm_core_mpu_enable
                0x0000000000002408       0x18 zephyr/arch/arch/arm/core/mpu/libarch__arm__core__mpu.a(arm_mpu.c.obj)
                0x0000000000002408                arm_core_mpu_enable
 .text.arm_core_mpu_disable
                0x0000000000002420       0x14 zephyr/arch/arch/arm/core/mpu/libarch__arm__core__mpu.a(arm_mpu.c.obj)
                0x0000000000002420                arm_core_mpu_disable
 .text.arm_core_mpu_configure_static_mpu_regions
                0x0000000000002434       0x14 zephyr/arch/arch/arm/core/mpu/libarch__arm__core__mpu.a(arm_mpu.c.obj)
                0x0000000000002434                arm_core_mpu_configure_static_mpu_regions
 .text.arm_core_mpu_configure_dynamic_mpu_regions
                0x0000000000002448       0x38 zephyr/arch/arch/arm/core/mpu/libarch__arm__core__mpu.a(arm_mpu.c.obj)
                0x0000000000002448                arm_core_mpu_configure_dynamic_mpu_regions
 .text.z_arm_mpu_init
                0x0000000000002480      0x168 zephyr/arch/arch/arm/core/mpu/libarch__arm__core__mpu.a(arm_mpu.c.obj)
                0x0000000000002480                z_arm_mpu_init
 .text.z_impl_zephyr_fputc
                0x00000000000025e8       0x10 zephyr/lib/libc/picolibc/liblib__libc__picolibc.a(stdio.c.obj)
                0x00000000000025e8                z_impl_zephyr_fputc
 .text.__stdout_hook_install
                0x00000000000025f8       0x18 zephyr/lib/libc/picolibc/liblib__libc__picolibc.a(stdio.c.obj)
                0x00000000000025f8                __stdout_hook_install
 .text.malloc_prepare
                0x0000000000002610       0x24 zephyr/lib/libc/common/liblib__libc__common.a(malloc.c.obj)
 .text.net_buf_destroy
                0x0000000000002634       0x38 zephyr/lib/net_buf/liblib__net_buf.a(buf.c.obj)
 .text.net_buf_pool_get
                0x000000000000266c       0x10 zephyr/lib/net_buf/liblib__net_buf.a(buf.c.obj)
                0x000000000000266c                net_buf_pool_get
 .text.net_buf_id
                0x000000000000267c       0x20 zephyr/lib/net_buf/liblib__net_buf.a(buf.c.obj)
                0x000000000000267c                net_buf_id
 .text.fixed_data_alloc
                0x000000000000269c       0x24 zephyr/lib/net_buf/liblib__net_buf.a(buf.c.obj)
 .text.net_buf_alloc_len
                0x00000000000026c0       0xfc zephyr/lib/net_buf/liblib__net_buf.a(buf.c.obj)
                0x00000000000026c0                net_buf_alloc_len
 .text.net_buf_unref
                0x00000000000027bc       0x38 zephyr/lib/net_buf/liblib__net_buf.a(buf.c.obj)
                0x00000000000027bc                net_buf_unref
 .text.nordicsemi_nrf52_init
                0x00000000000027f4       0x44 zephyr/soc/soc/nrf52840/libsoc__nordic.a(soc.c.obj)
 .text.arch_busy_wait
                0x0000000000002838       0x14 zephyr/soc/soc/nrf52840/libsoc__nordic.a(soc.c.obj)
                0x0000000000002838                arch_busy_wait
 .text.uuid_to_uuid128
                0x000000000000284c       0x78 zephyr/subsys/bluetooth/host/libsubsys__bluetooth__host.a(uuid.c.obj)
 .text.hci_rx_pool_destroy
                0x00000000000028c4       0x20 zephyr/subsys/bluetooth/host/libsubsys__bluetooth__host.a(buf.c.obj)
 .text.bt_buf_get_rx
                0x00000000000028e4       0x30 zephyr/subsys/bluetooth/host/libsubsys__bluetooth__host.a(buf.c.obj)
                0x00000000000028e4                bt_buf_get_rx
 .text.bt_buf_get_evt
                0x0000000000002914       0x3c zephyr/subsys/bluetooth/host/libsubsys__bluetooth__host.a(buf.c.obj)
                0x0000000000002914                bt_buf_get_evt
 .text.hci_disconn_complete_prio
                0x0000000000002950       0x4c zephyr/subsys/bluetooth/host/libsubsys__bluetooth__host.a(hci_core.c.obj)
 .text.find_pending_connect.part.0
                0x000000000000299c       0x2c zephyr/subsys/bluetooth/host/libsubsys__bluetooth__host.a(hci_core.c.obj)
 .text.hci_vendor_event
                0x00000000000029c8       0x20 zephyr/subsys/bluetooth/host/libsubsys__bluetooth__host.a(hci_core.c.obj)
 .text.hci_le_meta_event
                0x00000000000029e8       0x20 zephyr/subsys/bluetooth/host/libsubsys__bluetooth__host.a(hci_core.c.obj)
 .text.rx_work_handler
                0x0000000000002a08       0xe8 zephyr/subsys/bluetooth/host/libsubsys__bluetooth__host.a(hci_core.c.obj)
 .text.hci_cmd_done
                0x0000000000002af0      0x100 zephyr/subsys/bluetooth/host/libsubsys__bluetooth__host.a(hci_core.c.obj)
 .text.hci_reset_complete
                0x0000000000002bf0       0x2c zephyr/subsys/bluetooth/host/libsubsys__bluetooth__host.a(hci_core.c.obj)
 .text.bt_hci_cmd_state_set_init
                0x0000000000002c1c       0x24 zephyr/subsys/bluetooth/host/libsubsys__bluetooth__host.a(hci_core.c.obj)
                0x0000000000002c1c                bt_hci_cmd_state_set_init
 .text.bt_hci_cmd_alloc
                0x0000000000002c40       0x50 zephyr/subsys/bluetooth/host/libsubsys__bluetooth__host.a(hci_core.c.obj)
                0x0000000000002c40                bt_hci_cmd_alloc
 .text.bt_send  0x0000000000002c90       0x14 zephyr/subsys/bluetooth/host/libsubsys__bluetooth__host.a(hci_core.c.obj)
                0x0000000000002c90                bt_send
 .text.hci_event_prio
                0x0000000000002ca4       0x94 zephyr/subsys/bluetooth/host/libsubsys__bluetooth__host.a(hci_core.c.obj)
                0x0000000000002ca4                hci_event_prio
 .text.bt_hci_recv
                0x0000000000002d38       0x60 zephyr/subsys/bluetooth/host/libsubsys__bluetooth__host.a(hci_core.c.obj)
                0x0000000000002d38                bt_hci_recv
 .text.bt_finalize_init
                0x0000000000002d98        0xc zephyr/subsys/bluetooth/host/libsubsys__bluetooth__host.a(hci_core.c.obj)
                0x0000000000002d98                bt_finalize_init
 .text.bt_get_name
                0x0000000000002da4        0x8 zephyr/subsys/bluetooth/host/libsubsys__bluetooth__host.a(hci_core.c.obj)
                0x0000000000002da4                bt_get_name
 .text.bt_tx_irq_raise
                0x0000000000002dac        0xc zephyr/subsys/bluetooth/host/libsubsys__bluetooth__host.a(hci_core.c.obj)
                0x0000000000002dac                bt_tx_irq_raise
 .text.bt_hci_cmd_send
                0x0000000000002db8       0x88 zephyr/subsys/bluetooth/host/libsubsys__bluetooth__host.a(hci_core.c.obj)
                0x0000000000002db8                bt_hci_cmd_send
 .text.process_pending_cmd
                0x0000000000002e40       0xb0 zephyr/subsys/bluetooth/host/libsubsys__bluetooth__host.a(hci_core.c.obj)
 .text.bt_hci_cmd_send_sync
                0x0000000000002ef0      0x174 zephyr/subsys/bluetooth/host/libsubsys__bluetooth__host.a(hci_core.c.obj)
                0x0000000000002ef0                bt_hci_cmd_send_sync
 .text.bt_init  0x0000000000003064      0x308 zephyr/subsys/bluetooth/host/libsubsys__bluetooth__host.a(hci_core.c.obj)
 .text.init_work
                0x000000000000336c       0x18 zephyr/subsys/bluetooth/host/libsubsys__bluetooth__host.a(hci_core.c.obj)
 .text.bt_enable
                0x0000000000003384       0xb0 zephyr/subsys/bluetooth/host/libsubsys__bluetooth__host.a(hci_core.c.obj)
                0x0000000000003384                bt_enable
 .text.bt_hci_le_enh_conn_complete
                0x0000000000003434      0x17c zephyr/subsys/bluetooth/host/libsubsys__bluetooth__host.a(hci_core.c.obj)
                0x0000000000003434                bt_hci_le_enh_conn_complete
 .text.le_legacy_conn_complete
                0x00000000000035b0       0x80 zephyr/subsys/bluetooth/host/libsubsys__bluetooth__host.a(hci_core.c.obj)
 .text.hci_cmd_complete
                0x0000000000003630       0x3c zephyr/subsys/bluetooth/host/libsubsys__bluetooth__host.a(hci_core.c.obj)
 .text.hci_cmd_status
                0x000000000000366c       0x30 zephyr/subsys/bluetooth/host/libsubsys__bluetooth__host.a(hci_core.c.obj)
 .text.bt_hci_evt_create
                0x000000000000369c       0x50 zephyr/subsys/bluetooth/host/libsubsys__bluetooth__host.a(hci_common.c.obj)
                0x000000000000369c                bt_hci_evt_create
 .text.id_find  0x00000000000036ec       0x30 zephyr/subsys/bluetooth/host/libsubsys__bluetooth__host.a(id.c.obj)
 .text.set_random_address
                0x000000000000371c       0x58 zephyr/subsys/bluetooth/host/libsubsys__bluetooth__host.a(id.c.obj)
 .text.id_create.constprop.0
                0x0000000000003774       0x74 zephyr/subsys/bluetooth/host/libsubsys__bluetooth__host.a(id.c.obj)
 .text.bt_id_create
                0x00000000000037e8       0x88 zephyr/subsys/bluetooth/host/libsubsys__bluetooth__host.a(id.c.obj)
                0x00000000000037e8                bt_id_create
 .text.bt_id_read_public_addr
                0x0000000000003870       0x6c zephyr/subsys/bluetooth/host/libsubsys__bluetooth__host.a(id.c.obj)
                0x0000000000003870                bt_id_read_public_addr
 .text.bt_setup_public_id_addr
                0x00000000000038dc       0x20 zephyr/subsys/bluetooth/host/libsubsys__bluetooth__host.a(id.c.obj)
                0x00000000000038dc                bt_setup_public_id_addr
 .text.bt_setup_random_id_addr
                0x00000000000038fc       0xac zephyr/subsys/bluetooth/host/libsubsys__bluetooth__host.a(id.c.obj)
                0x00000000000038fc                bt_setup_random_id_addr
 .text.bt_id_set_adv_own_addr
                0x00000000000039a8       0xd0 zephyr/subsys/bluetooth/host/libsubsys__bluetooth__host.a(id.c.obj)
                0x00000000000039a8                bt_id_set_adv_own_addr
 .text.bt_id_init
                0x0000000000003a78       0x30 zephyr/subsys/bluetooth/host/libsubsys__bluetooth__host.a(id.c.obj)
                0x0000000000003a78                bt_id_init
 .text.valid_adv_param
                0x0000000000003aa8       0x84 zephyr/subsys/bluetooth/host/libsubsys__bluetooth__host.a(adv.c.obj)
 .text.adv_is_directed
                0x0000000000003b2c       0x18 zephyr/subsys/bluetooth/host/libsubsys__bluetooth__host.a(adv.c.obj)
 .text.le_adv_start_add_conn
                0x0000000000003b44       0x60 zephyr/subsys/bluetooth/host/libsubsys__bluetooth__host.a(adv.c.obj)
 .text.bt_le_adv_lookup_legacy
                0x0000000000003ba4        0x8 zephyr/subsys/bluetooth/host/libsubsys__bluetooth__host.a(adv.c.obj)
                0x0000000000003ba4                bt_le_adv_lookup_legacy
 .text.bt_le_adv_start_legacy
                0x0000000000003bac      0x268 zephyr/subsys/bluetooth/host/libsubsys__bluetooth__host.a(adv.c.obj)
                0x0000000000003bac                bt_le_adv_start_legacy
 .text.bt_le_adv_start
                0x0000000000003e14       0x64 zephyr/subsys/bluetooth/host/libsubsys__bluetooth__host.a(adv.c.obj)
                0x0000000000003e14                bt_le_adv_start
 .text.bt_le_adv_stop
                0x0000000000003e78       0x78 zephyr/subsys/bluetooth/host/libsubsys__bluetooth__host.a(adv.c.obj)
                0x0000000000003e78                bt_le_adv_stop
 .text.bt_le_adv_resume
                0x0000000000003ef0       0xd4 zephyr/subsys/bluetooth/host/libsubsys__bluetooth__host.a(adv.c.obj)
                0x0000000000003ef0                bt_le_adv_resume
 .text.notify_connected
                0x0000000000003fc4       0x40 zephyr/subsys/bluetooth/host/libsubsys__bluetooth__host.a(conn.c.obj)
 .text.frag_destroy
                0x0000000000004004       0x20 zephyr/subsys/bluetooth/host/libsubsys__bluetooth__host.a(conn.c.obj)
                0x0000000000004004                frag_destroy
 .text.conn_tx_destroy
                0x0000000000004024       0x2c zephyr/subsys/bluetooth/host/libsubsys__bluetooth__host.a(conn.c.obj)
 .text.perform_auto_initiated_procedures
                0x0000000000004050       0x60 zephyr/subsys/bluetooth/host/libsubsys__bluetooth__host.a(conn.c.obj)
 .text.recycled_work_handler
                0x00000000000040b0       0x54 zephyr/subsys/bluetooth/host/libsubsys__bluetooth__host.a(conn.c.obj)
 .text.tx_notify_process
                0x0000000000004104       0x60 zephyr/subsys/bluetooth/host/libsubsys__bluetooth__host.a(conn.c.obj)
 .text.bt_conn_get_pkts
                0x0000000000004164       0x18 zephyr/subsys/bluetooth/host/libsubsys__bluetooth__host.a(conn.c.obj)
                0x0000000000004164                bt_conn_get_pkts
 .text.bt_conn_tx_notify
                0x000000000000417c       0x48 zephyr/subsys/bluetooth/host/libsubsys__bluetooth__host.a(conn.c.obj)
                0x000000000000417c                bt_conn_tx_notify
 .text.bt_conn_new
                0x00000000000041c4       0x64 zephyr/subsys/bluetooth/host/libsubsys__bluetooth__host.a(conn.c.obj)
                0x00000000000041c4                bt_conn_new
 .text.bt_conn_data_ready
                0x0000000000004228       0x54 zephyr/subsys/bluetooth/host/libsubsys__bluetooth__host.a(conn.c.obj)
                0x0000000000004228                bt_conn_data_ready
 .text.get_conn_ready
                0x000000000000427c      0x104 zephyr/subsys/bluetooth/host/libsubsys__bluetooth__host.a(conn.c.obj)
                0x000000000000427c                get_conn_ready
 .text.bt_conn_unref
                0x0000000000004380       0x54 zephyr/subsys/bluetooth/host/libsubsys__bluetooth__host.a(conn.c.obj)
                0x0000000000004380                bt_conn_unref
 .text.bt_conn_set_state
                0x00000000000043d4      0x114 zephyr/subsys/bluetooth/host/libsubsys__bluetooth__host.a(conn.c.obj)
                0x00000000000043d4                bt_conn_set_state
 .text.bt_conn_lookup_handle
                0x00000000000044e8       0x28 zephyr/subsys/bluetooth/host/libsubsys__bluetooth__host.a(conn.c.obj)
                0x00000000000044e8                bt_conn_lookup_handle
 .text.bt_conn_foreach
                0x0000000000004510       0x30 zephyr/subsys/bluetooth/host/libsubsys__bluetooth__host.a(conn.c.obj)
                0x0000000000004510                bt_conn_foreach
 .text.auto_initiated_procedures
                0x0000000000004540       0x10 zephyr/subsys/bluetooth/host/libsubsys__bluetooth__host.a(conn.c.obj)
 .text.bt_conn_index
                0x0000000000004550       0x18 zephyr/subsys/bluetooth/host/libsubsys__bluetooth__host.a(conn.c.obj)
                0x0000000000004550                bt_conn_index
 .text.bt_conn_create_pdu_timeout
                0x0000000000004568       0x4c zephyr/subsys/bluetooth/host/libsubsys__bluetooth__host.a(conn.c.obj)
                0x0000000000004568                bt_conn_create_pdu_timeout
 .text.bt_conn_connected
                0x00000000000045b4       0x20 zephyr/subsys/bluetooth/host/libsubsys__bluetooth__host.a(conn.c.obj)
                0x00000000000045b4                bt_conn_connected
 .text.bt_conn_tx_processor
                0x00000000000045d4      0x1f4 zephyr/subsys/bluetooth/host/libsubsys__bluetooth__host.a(conn.c.obj)
                0x00000000000045d4                bt_conn_tx_processor
 .text.notify_le_param_updated
                0x00000000000047c8       0x94 zephyr/subsys/bluetooth/host/libsubsys__bluetooth__host.a(conn.c.obj)
                0x00000000000047c8                notify_le_param_updated
 .text.le_param_req
                0x000000000000485c       0x78 zephyr/subsys/bluetooth/host/libsubsys__bluetooth__host.a(conn.c.obj)
                0x000000000000485c                le_param_req
 .text.bt_conn_add_le
                0x00000000000048d4       0x54 zephyr/subsys/bluetooth/host/libsubsys__bluetooth__host.a(conn.c.obj)
                0x00000000000048d4                bt_conn_add_le
 .text.bt_conn_lookup_addr_le
                0x0000000000004928       0x34 zephyr/subsys/bluetooth/host/libsubsys__bluetooth__host.a(conn.c.obj)
                0x0000000000004928                bt_conn_lookup_addr_le
 .text.bt_conn_lookup_state_le
                0x000000000000495c       0x44 zephyr/subsys/bluetooth/host/libsubsys__bluetooth__host.a(conn.c.obj)
                0x000000000000495c                bt_conn_lookup_state_le
 .text.send_conn_le_param_update
                0x00000000000049a0       0x68 zephyr/subsys/bluetooth/host/libsubsys__bluetooth__host.a(conn.c.obj)
 .text.deferred_work
                0x0000000000004a08       0xfc zephyr/subsys/bluetooth/host/libsubsys__bluetooth__host.a(conn.c.obj)
 .text.bt_conn_init
                0x0000000000004b04       0x44 zephyr/subsys/bluetooth/host/libsubsys__bluetooth__host.a(conn.c.obj)
                0x0000000000004b04                bt_conn_init
 .text.l2cap_accept
                0x0000000000004b48       0x1c zephyr/subsys/bluetooth/host/libsubsys__bluetooth__host.a(l2cap.c.obj)
 .text.bt_l2cap_connected
                0x0000000000004b64       0xa8 zephyr/subsys/bluetooth/host/libsubsys__bluetooth__host.a(l2cap.c.obj)
                0x0000000000004b64                bt_l2cap_connected
 .text.bt_l2cap_create_pdu_timeout
                0x0000000000004c0c       0x34 zephyr/subsys/bluetooth/host/libsubsys__bluetooth__host.a(l2cap.c.obj)
                0x0000000000004c0c                bt_l2cap_create_pdu_timeout
 .text.l2cap_data_pull
                0x0000000000004c40       0xd8 zephyr/subsys/bluetooth/host/libsubsys__bluetooth__host.a(l2cap.c.obj)
                0x0000000000004c40                l2cap_data_pull
 .text.bt_l2cap_update_conn_param
                0x0000000000004d18       0x50 zephyr/subsys/bluetooth/host/libsubsys__bluetooth__host.a(l2cap.c.obj)
                0x0000000000004d18                bt_l2cap_update_conn_param
 .text.att_op_get_type
                0x0000000000004d68       0x74 zephyr/subsys/bluetooth/host/libsubsys__bluetooth__host.a(att.c.obj)
 .text.bt_att_chan_create_pdu
                0x0000000000004ddc       0x94 zephyr/subsys/bluetooth/host/libsubsys__bluetooth__host.a(att.c.obj)
 .text.bt_att_released
                0x0000000000004e70        0xc zephyr/subsys/bluetooth/host/libsubsys__bluetooth__host.a(att.c.obj)
 .text.bt_att_connected
                0x0000000000004e7c       0x40 zephyr/subsys/bluetooth/host/libsubsys__bluetooth__host.a(att.c.obj)
 .text.bt_addr_le_to_str.constprop.0.isra.0
                0x0000000000004ebc       0x78 zephyr/subsys/bluetooth/host/libsubsys__bluetooth__host.a(att.c.obj)
 .text.read_group_cb
                0x0000000000004f34       0xb8 zephyr/subsys/bluetooth/host/libsubsys__bluetooth__host.a(att.c.obj)
 .text.bt_att_accept
                0x0000000000004fec       0xcc zephyr/subsys/bluetooth/host/libsubsys__bluetooth__host.a(att.c.obj)
 .text.read_type_cb
                0x00000000000050b8       0xac zephyr/subsys/bluetooth/host/libsubsys__bluetooth__host.a(att.c.obj)
 .text.chan_send
                0x0000000000005164       0xac zephyr/subsys/bluetooth/host/libsubsys__bluetooth__host.a(att.c.obj)
 .text.att_tx_destroy
                0x0000000000005210       0xdc zephyr/subsys/bluetooth/host/libsubsys__bluetooth__host.a(att.c.obj)
 .text.bt_att_recv
                0x00000000000052ec       0x8c zephyr/subsys/bluetooth/host/libsubsys__bluetooth__host.a(att.c.obj)
 .text.att_write_rsp.constprop.0
                0x0000000000005378       0xc0 zephyr/subsys/bluetooth/host/libsubsys__bluetooth__host.a(att.c.obj)
 .text.bt_att_create_rsp_pdu
                0x0000000000005438       0x48 zephyr/subsys/bluetooth/host/libsubsys__bluetooth__host.a(att.c.obj)
                0x0000000000005438                bt_att_create_rsp_pdu
 .text.att_read_group_req
                0x0000000000005480       0xf0 zephyr/subsys/bluetooth/host/libsubsys__bluetooth__host.a(att.c.obj)
 .text.att_read_mult_vl_req
                0x0000000000005570       0x9c zephyr/subsys/bluetooth/host/libsubsys__bluetooth__host.a(att.c.obj)
 .text.att_read_mult_req
                0x000000000000560c       0x9c zephyr/subsys/bluetooth/host/libsubsys__bluetooth__host.a(att.c.obj)
 .text.att_read_rsp
                0x00000000000056a8       0x90 zephyr/subsys/bluetooth/host/libsubsys__bluetooth__host.a(att.c.obj)
 .text.att_read_type_req
                0x0000000000005738      0x114 zephyr/subsys/bluetooth/host/libsubsys__bluetooth__host.a(att.c.obj)
 .text.att_find_type_req
                0x000000000000584c       0xc0 zephyr/subsys/bluetooth/host/libsubsys__bluetooth__host.a(att.c.obj)
 .text.att_find_info_req
                0x000000000000590c       0x6c zephyr/subsys/bluetooth/host/libsubsys__bluetooth__host.a(att.c.obj)
 .text.bt_att_req_alloc
                0x0000000000005978       0x5c zephyr/subsys/bluetooth/host/libsubsys__bluetooth__host.a(att.c.obj)
                0x0000000000005978                bt_att_req_alloc
 .text.bt_att_req_free
                0x00000000000059d4       0x20 zephyr/subsys/bluetooth/host/libsubsys__bluetooth__host.a(att.c.obj)
                0x00000000000059d4                bt_att_req_free
 .text.att_handle_rsp
                0x00000000000059f4       0x74 zephyr/subsys/bluetooth/host/libsubsys__bluetooth__host.a(att.c.obj)
 .text.bt_att_disconnected
                0x0000000000005a68       0xc8 zephyr/subsys/bluetooth/host/libsubsys__bluetooth__host.a(att.c.obj)
 .text.bt_att_set_tx_meta_data
                0x0000000000005b30       0x24 zephyr/subsys/bluetooth/host/libsubsys__bluetooth__host.a(att.c.obj)
                0x0000000000005b30                bt_att_set_tx_meta_data
 .text.find_sc_cfg
                0x0000000000005b54       0x24 zephyr/subsys/bluetooth/host/libsubsys__bluetooth__host.a(gatt.c.obj)
 .text.read_ppcp
                0x0000000000005b78       0x28 zephyr/subsys/bluetooth/host/libsubsys__bluetooth__host.a(gatt.c.obj)
 .text.sc_save  0x0000000000005ba0       0x54 zephyr/subsys/bluetooth/host/libsubsys__bluetooth__host.a(gatt.c.obj)
 .text.sc_indicate_rsp
                0x0000000000005bf4       0x38 zephyr/subsys/bluetooth/host/libsubsys__bluetooth__host.a(gatt.c.obj)
 .text.disconnected_cb
                0x0000000000005c2c       0xb4 zephyr/subsys/bluetooth/host/libsubsys__bluetooth__host.a(gatt.c.obj)
 .text.find_ccc_cfg
                0x0000000000005ce0       0x2c zephyr/subsys/bluetooth/host/libsubsys__bluetooth__host.a(gatt.c.obj)
 .text.bt_gatt_attr_write_ccc
                0x0000000000005d0c       0xc0 zephyr/subsys/bluetooth/host/libsubsys__bluetooth__host.a(gatt.c.obj)
                0x0000000000005d0c                bt_gatt_attr_write_ccc
 .text.bt_gatt_init
                0x0000000000005dcc       0x80 zephyr/subsys/bluetooth/host/libsubsys__bluetooth__host.a(gatt.c.obj)
                0x0000000000005dcc                bt_gatt_init
 .text.bt_gatt_attr_get_handle
                0x0000000000005e4c       0x60 zephyr/subsys/bluetooth/host/libsubsys__bluetooth__host.a(gatt.c.obj)
                0x0000000000005e4c                bt_gatt_attr_get_handle
 .text.bt_gatt_foreach_attr_type
                0x0000000000005eac       0xb4 zephyr/subsys/bluetooth/host/libsubsys__bluetooth__host.a(gatt.c.obj)
                0x0000000000005eac                bt_gatt_foreach_attr_type
 .text.bt_gatt_attr_next
                0x0000000000005f60       0x24 zephyr/subsys/bluetooth/host/libsubsys__bluetooth__host.a(gatt.c.obj)
                0x0000000000005f60                bt_gatt_attr_next
 .text.gatt_indicate
                0x0000000000005f84       0xa0 zephyr/subsys/bluetooth/host/libsubsys__bluetooth__host.a(gatt.c.obj)
 .text.bt_gatt_indicate
                0x0000000000006024       0xf4 zephyr/subsys/bluetooth/host/libsubsys__bluetooth__host.a(gatt.c.obj)
                0x0000000000006024                bt_gatt_indicate
 .text.sc_process
                0x0000000000006118       0x78 zephyr/subsys/bluetooth/host/libsubsys__bluetooth__host.a(gatt.c.obj)
 .text.update_ccc
                0x0000000000006190       0xb8 zephyr/subsys/bluetooth/host/libsubsys__bluetooth__host.a(gatt.c.obj)
 .text.bt_gatt_notify_cb
                0x0000000000006248       0xec zephyr/subsys/bluetooth/host/libsubsys__bluetooth__host.a(gatt.c.obj)
                0x0000000000006248                bt_gatt_notify_cb
 .text.notify_cb
                0x0000000000006334      0x100 zephyr/subsys/bluetooth/host/libsubsys__bluetooth__host.a(gatt.c.obj)
 .text.bt_gatt_connected
                0x0000000000006434       0x20 zephyr/subsys/bluetooth/host/libsubsys__bluetooth__host.a(gatt.c.obj)
                0x0000000000006434                bt_gatt_connected
 .text.bt_gatt_att_max_mtu_changed
                0x0000000000006454       0x28 zephyr/subsys/bluetooth/host/libsubsys__bluetooth__host.a(gatt.c.obj)
                0x0000000000006454                bt_gatt_att_max_mtu_changed
 .text.bt_gatt_disconnected
                0x000000000000647c       0x14 zephyr/subsys/bluetooth/host/libsubsys__bluetooth__host.a(gatt.c.obj)
                0x000000000000647c                bt_gatt_disconnected
 .text.bt_smp_accept
                0x0000000000006490       0x1c zephyr/subsys/bluetooth/host/libsubsys__bluetooth__host.a(smp_null.c.obj)
 .text.mem_init
                0x00000000000064ac       0x48 zephyr/subsys/bluetooth/controller/libsubsys__bluetooth__controller.a(mem.c.obj)
                0x00000000000064ac                mem_init
 .text.mem_acquire
                0x00000000000064f4       0x2c zephyr/subsys/bluetooth/controller/libsubsys__bluetooth__controller.a(mem.c.obj)
                0x00000000000064f4                mem_acquire
 .text.mem_release
                0x0000000000006520       0x28 zephyr/subsys/bluetooth/controller/libsubsys__bluetooth__controller.a(mem.c.obj)
                0x0000000000006520                mem_release
 .text.mem_get  0x0000000000006548        0x8 zephyr/subsys/bluetooth/controller/libsubsys__bluetooth__controller.a(mem.c.obj)
                0x0000000000006548                mem_get
 .text.mem_index_get
                0x0000000000006550        0xc zephyr/subsys/bluetooth/controller/libsubsys__bluetooth__controller.a(mem.c.obj)
                0x0000000000006550                mem_index_get
 .text.mem_rcopy
                0x000000000000655c       0x1c zephyr/subsys/bluetooth/controller/libsubsys__bluetooth__controller.a(mem.c.obj)
                0x000000000000655c                mem_rcopy
 .text.mem_nz   0x0000000000006578       0x18 zephyr/subsys/bluetooth/controller/libsubsys__bluetooth__controller.a(mem.c.obj)
                0x0000000000006578                mem_nz
 .text.memq_init
                0x0000000000006590        0x8 zephyr/subsys/bluetooth/controller/libsubsys__bluetooth__controller.a(memq.c.obj)
                0x0000000000006590                memq_init
 .text.memq_deinit
                0x0000000000006598       0x14 zephyr/subsys/bluetooth/controller/libsubsys__bluetooth__controller.a(memq.c.obj)
                0x0000000000006598                memq_deinit
 .text.memq_enqueue
                0x00000000000065ac       0x14 zephyr/subsys/bluetooth/controller/libsubsys__bluetooth__controller.a(memq.c.obj)
                0x00000000000065ac                memq_enqueue
 .text.memq_peek
                0x00000000000065c0       0x10 zephyr/subsys/bluetooth/controller/libsubsys__bluetooth__controller.a(memq.c.obj)
                0x00000000000065c0                memq_peek
 .text.memq_dequeue
                0x00000000000065d0       0x20 zephyr/subsys/bluetooth/controller/libsubsys__bluetooth__controller.a(memq.c.obj)
                0x00000000000065d0                memq_dequeue
 .text.mayfly_init
                0x00000000000065f0       0x40 zephyr/subsys/bluetooth/controller/libsubsys__bluetooth__controller.a(mayfly.c.obj)
                0x00000000000065f0                mayfly_init
 .text.mayfly_enable
                0x0000000000006630       0x68 zephyr/subsys/bluetooth/controller/libsubsys__bluetooth__controller.a(mayfly.c.obj)
                0x0000000000006630                mayfly_enable
 .text.mayfly_enqueue
                0x0000000000006698       0xbc zephyr/subsys/bluetooth/controller/libsubsys__bluetooth__controller.a(mayfly.c.obj)
                0x0000000000006698                mayfly_enqueue
 .text.mayfly_run
                0x0000000000006754      0x174 zephyr/subsys/bluetooth/controller/libsubsys__bluetooth__controller.a(mayfly.c.obj)
                0x0000000000006754                mayfly_run
 .text.util_ones_count_get
                0x00000000000068c8       0x28 zephyr/subsys/bluetooth/controller/libsubsys__bluetooth__controller.a(util.c.obj)
                0x00000000000068c8                util_ones_count_get
 .text.ticker_dequeue
                0x00000000000068f0       0x74 zephyr/subsys/bluetooth/controller/libsubsys__bluetooth__controller.a(ticker.c.obj)
 .text.ticks_to_expire_prep
                0x0000000000006964       0x48 zephyr/subsys/bluetooth/controller/libsubsys__bluetooth__controller.a(ticker.c.obj)
 .text.start_us.constprop.0
                0x00000000000069ac       0xac zephyr/subsys/bluetooth/controller/libsubsys__bluetooth__controller.a(ticker.c.obj)
 .text.ticker_job_list_insert
                0x0000000000006a58      0x214 zephyr/subsys/bluetooth/controller/libsubsys__bluetooth__controller.a(ticker.c.obj)
 .text.ticker_worker
                0x0000000000006c6c      0x388 zephyr/subsys/bluetooth/controller/libsubsys__bluetooth__controller.a(ticker.c.obj)
                0x0000000000006c6c                ticker_worker
 .text.ticker_job
                0x0000000000006ff4      0xb7c zephyr/subsys/bluetooth/controller/libsubsys__bluetooth__controller.a(ticker.c.obj)
                0x0000000000006ff4                ticker_job
 .text.ticker_init
                0x0000000000007b70       0x64 zephyr/subsys/bluetooth/controller/libsubsys__bluetooth__controller.a(ticker.c.obj)
                0x0000000000007b70                ticker_init
 .text.ticker_deinit
                0x0000000000007bd4       0x20 zephyr/subsys/bluetooth/controller/libsubsys__bluetooth__controller.a(ticker.c.obj)
                0x0000000000007bd4                ticker_deinit
 .text.ticker_trigger
                0x0000000000007bf4       0x30 zephyr/subsys/bluetooth/controller/libsubsys__bluetooth__controller.a(ticker.c.obj)
                0x0000000000007bf4                ticker_trigger
 .text.ticker_start
                0x0000000000007c24       0x38 zephyr/subsys/bluetooth/controller/libsubsys__bluetooth__controller.a(ticker.c.obj)
                0x0000000000007c24                ticker_start
 .text.ticker_start_ext
                0x0000000000007c5c       0x10 zephyr/subsys/bluetooth/controller/libsubsys__bluetooth__controller.a(ticker.c.obj)
                0x0000000000007c5c                ticker_start_ext
 .text.ticker_update_ext
                0x0000000000007c6c       0xb0 zephyr/subsys/bluetooth/controller/libsubsys__bluetooth__controller.a(ticker.c.obj)
                0x0000000000007c6c                ticker_update_ext
 .text.ticker_update
                0x0000000000007d1c       0x30 zephyr/subsys/bluetooth/controller/libsubsys__bluetooth__controller.a(ticker.c.obj)
                0x0000000000007d1c                ticker_update
 .text.ticker_stop
                0x0000000000007d4c       0x84 zephyr/subsys/bluetooth/controller/libsubsys__bluetooth__controller.a(ticker.c.obj)
                0x0000000000007d4c                ticker_stop
 .text.ticker_stop_abs
                0x0000000000007dd0       0x88 zephyr/subsys/bluetooth/controller/libsubsys__bluetooth__controller.a(ticker.c.obj)
                0x0000000000007dd0                ticker_stop_abs
 .text.ticker_ticks_now_get
                0x0000000000007e58        0x4 zephyr/subsys/bluetooth/controller/libsubsys__bluetooth__controller.a(ticker.c.obj)
                0x0000000000007e58                ticker_ticks_now_get
 .text.ticker_ticks_diff_get
                0x0000000000007e5c        0x8 zephyr/subsys/bluetooth/controller/libsubsys__bluetooth__controller.a(ticker.c.obj)
                0x0000000000007e5c                ticker_ticks_diff_get
 .text.ll_feat_get
                0x0000000000007e64        0xc zephyr/subsys/bluetooth/controller/libsubsys__bluetooth__controller.a(ll_feat.c.obj)
                0x0000000000007e64                ll_feat_get
 .text.ll_tx_pwr_lvl_get
                0x0000000000007e70       0x20 zephyr/subsys/bluetooth/controller/libsubsys__bluetooth__controller.a(ll_tx_pwr.c.obj)
                0x0000000000007e70                ll_tx_pwr_lvl_get
 .text.ll_tx_pwr_get
                0x0000000000007e90        0x8 zephyr/subsys/bluetooth/controller/libsubsys__bluetooth__controller.a(ll_tx_pwr.c.obj)
                0x0000000000007e90                ll_tx_pwr_get
 .text.ll_addr_set
                0x0000000000007e98       0x38 zephyr/subsys/bluetooth/controller/libsubsys__bluetooth__controller.a(ll_addr.c.obj)
                0x0000000000007e98                ll_addr_set
 .text.ll_addr_get
                0x0000000000007ed0       0x20 zephyr/subsys/bluetooth/controller/libsubsys__bluetooth__controller.a(ll_addr.c.obj)
                0x0000000000007ed0                ll_addr_get
 .text.ll_addr_read
                0x0000000000007ef0       0x28 zephyr/subsys/bluetooth/controller/libsubsys__bluetooth__controller.a(ll_addr.c.obj)
                0x0000000000007ef0                ll_addr_read
 .text.perform_lll_reset
                0x0000000000007f18       0xa0 zephyr/subsys/bluetooth/controller/libsubsys__bluetooth__controller.a(ull.c.obj)
 .text.ull_ticker_status_give
                0x0000000000007fb8        0xc zephyr/subsys/bluetooth/controller/libsubsys__bluetooth__controller.a(ull.c.obj)
                0x0000000000007fb8                ull_ticker_status_give
 .text.disabled_cb
                0x0000000000007fc4        0x4 zephyr/subsys/bluetooth/controller/libsubsys__bluetooth__controller.a(ull.c.obj)
 .text.tx_cmplt_get
                0x0000000000007fc8       0xb4 zephyr/subsys/bluetooth/controller/libsubsys__bluetooth__controller.a(ull.c.obj)
 .text.rx_replenish
                0x000000000000807c       0xf8 zephyr/subsys/bluetooth/controller/libsubsys__bluetooth__controller.a(ull.c.obj)
 .text.init_reset
                0x0000000000008174      0x138 zephyr/subsys/bluetooth/controller/libsubsys__bluetooth__controller.a(ull.c.obj)
 .text.rx_demux
                0x00000000000082ac      0x2bc zephyr/subsys/bluetooth/controller/libsubsys__bluetooth__controller.a(ull.c.obj)
 .text.ll_init  0x0000000000008568       0xe4 zephyr/subsys/bluetooth/controller/libsubsys__bluetooth__controller.a(ull.c.obj)
                0x0000000000008568                ll_init
 .text.ll_reset
                0x000000000000864c      0x13c zephyr/subsys/bluetooth/controller/libsubsys__bluetooth__controller.a(ull.c.obj)
                0x000000000000864c                ll_reset
 .text.ll_deinit
                0x0000000000008788       0x18 zephyr/subsys/bluetooth/controller/libsubsys__bluetooth__controller.a(ull.c.obj)
                0x0000000000008788                ll_deinit
 .text.ll_rx_get
                0x00000000000087a0       0xfc zephyr/subsys/bluetooth/controller/libsubsys__bluetooth__controller.a(ull.c.obj)
                0x00000000000087a0                ll_rx_get
 .text.ll_rx_dequeue
                0x000000000000889c      0x194 zephyr/subsys/bluetooth/controller/libsubsys__bluetooth__controller.a(ull.c.obj)
                0x000000000000889c                ll_rx_dequeue
 .text.ll_rx_mem_release
                0x0000000000008a30      0x1c0 zephyr/subsys/bluetooth/controller/libsubsys__bluetooth__controller.a(ull.c.obj)
                0x0000000000008a30                ll_rx_mem_release
 .text.ll_rx_link_alloc
                0x0000000000008bf0        0xc zephyr/subsys/bluetooth/controller/libsubsys__bluetooth__controller.a(ull.c.obj)
                0x0000000000008bf0                ll_rx_link_alloc
 .text.ll_rx_link_release
                0x0000000000008bfc        0xc zephyr/subsys/bluetooth/controller/libsubsys__bluetooth__controller.a(ull.c.obj)
                0x0000000000008bfc                ll_rx_link_release
 .text.ll_rx_alloc
                0x0000000000008c08        0xc zephyr/subsys/bluetooth/controller/libsubsys__bluetooth__controller.a(ull.c.obj)
                0x0000000000008c08                ll_rx_alloc
 .text.ll_rx_release
                0x0000000000008c14        0xc zephyr/subsys/bluetooth/controller/libsubsys__bluetooth__controller.a(ull.c.obj)
                0x0000000000008c14                ll_rx_release
 .text.ll_rx_put
                0x0000000000008c20       0x18 zephyr/subsys/bluetooth/controller/libsubsys__bluetooth__controller.a(ull.c.obj)
                0x0000000000008c20                ll_rx_put
 .text.ll_rx_put_sched
                0x0000000000008c38       0x28 zephyr/subsys/bluetooth/controller/libsubsys__bluetooth__controller.a(ull.c.obj)
                0x0000000000008c38                ll_rx_put_sched
 .text.ll_pdu_rx_alloc_peek
                0x0000000000008c60       0x34 zephyr/subsys/bluetooth/controller/libsubsys__bluetooth__controller.a(ull.c.obj)
                0x0000000000008c60                ll_pdu_rx_alloc_peek
 .text.ll_pdu_rx_alloc
                0x0000000000008c94       0x24 zephyr/subsys/bluetooth/controller/libsubsys__bluetooth__controller.a(ull.c.obj)
                0x0000000000008c94                ll_pdu_rx_alloc
 .text.ll_tx_ack_put
                0x0000000000008cb8       0x60 zephyr/subsys/bluetooth/controller/libsubsys__bluetooth__controller.a(ull.c.obj)
                0x0000000000008cb8                ll_tx_ack_put
 .text.ull_ticker_status_take
                0x0000000000008d18       0x24 zephyr/subsys/bluetooth/controller/libsubsys__bluetooth__controller.a(ull.c.obj)
                0x0000000000008d18                ull_ticker_status_take
 .text.ull_disable_mark
                0x0000000000008d3c       0x18 zephyr/subsys/bluetooth/controller/libsubsys__bluetooth__controller.a(ull.c.obj)
                0x0000000000008d3c                ull_disable_mark
 .text.ull_disable_unmark
                0x0000000000008d54       0x18 zephyr/subsys/bluetooth/controller/libsubsys__bluetooth__controller.a(ull.c.obj)
                0x0000000000008d54                ull_disable_unmark
 .text.ull_disable_mark_get
                0x0000000000008d6c        0xc zephyr/subsys/bluetooth/controller/libsubsys__bluetooth__controller.a(ull.c.obj)
                0x0000000000008d6c                ull_disable_mark_get
 .text.ull_update_mark
                0x0000000000008d78       0x18 zephyr/subsys/bluetooth/controller/libsubsys__bluetooth__controller.a(ull.c.obj)
                0x0000000000008d78                ull_update_mark
 .text.ull_update_unmark
                0x0000000000008d90       0x18 zephyr/subsys/bluetooth/controller/libsubsys__bluetooth__controller.a(ull.c.obj)
                0x0000000000008d90                ull_update_unmark
 .text.ull_update_mark_get
                0x0000000000008da8        0xc zephyr/subsys/bluetooth/controller/libsubsys__bluetooth__controller.a(ull.c.obj)
                0x0000000000008da8                ull_update_mark_get
 .text.ull_disable
                0x0000000000008db4       0x7c zephyr/subsys/bluetooth/controller/libsubsys__bluetooth__controller.a(ull.c.obj)
                0x0000000000008db4                ull_disable
 .text.ull_ticker_stop_with_mark
                0x0000000000008e30       0xa4 zephyr/subsys/bluetooth/controller/libsubsys__bluetooth__controller.a(ull.c.obj)
                0x0000000000008e30                ull_ticker_stop_with_mark
 .text.ull_pdu_rx_alloc_peek
                0x0000000000008ed4       0x34 zephyr/subsys/bluetooth/controller/libsubsys__bluetooth__controller.a(ull.c.obj)
                0x0000000000008ed4                ull_pdu_rx_alloc_peek
 .text.ull_pdu_rx_alloc
                0x0000000000008f08       0x24 zephyr/subsys/bluetooth/controller/libsubsys__bluetooth__controller.a(ull.c.obj)
                0x0000000000008f08                ull_pdu_rx_alloc
 .text.ull_rx_put
                0x0000000000008f2c       0x20 zephyr/subsys/bluetooth/controller/libsubsys__bluetooth__controller.a(ull.c.obj)
                0x0000000000008f2c                ull_rx_put
 .text.ull_rx_sched
                0x0000000000008f4c       0x10 zephyr/subsys/bluetooth/controller/libsubsys__bluetooth__controller.a(ull.c.obj)
                0x0000000000008f4c                ull_rx_sched
 .text.ull_rx_put_sched
                0x0000000000008f5c       0x30 zephyr/subsys/bluetooth/controller/libsubsys__bluetooth__controller.a(ull.c.obj)
                0x0000000000008f5c                ull_rx_put_sched
 .text.ull_prepare_enqueue
                0x0000000000008f8c       0x74 zephyr/subsys/bluetooth/controller/libsubsys__bluetooth__controller.a(ull.c.obj)
                0x0000000000008f8c                ull_prepare_enqueue
 .text.ull_prepare_dequeue_get
                0x0000000000009000       0x1c zephyr/subsys/bluetooth/controller/libsubsys__bluetooth__controller.a(ull.c.obj)
                0x0000000000009000                ull_prepare_dequeue_get
 .text.ull_prepare_dequeue_iter
                0x000000000000901c       0x34 zephyr/subsys/bluetooth/controller/libsubsys__bluetooth__controller.a(ull.c.obj)
                0x000000000000901c                ull_prepare_dequeue_iter
 .text.ull_prepare_dequeue
                0x0000000000009050      0x130 zephyr/subsys/bluetooth/controller/libsubsys__bluetooth__controller.a(ull.c.obj)
                0x0000000000009050                ull_prepare_dequeue
 .text.ull_event_done_extra_get
                0x0000000000009180       0x1c zephyr/subsys/bluetooth/controller/libsubsys__bluetooth__controller.a(ull.c.obj)
                0x0000000000009180                ull_event_done_extra_get
 .text.ull_event_done
                0x000000000000919c       0x5c zephyr/subsys/bluetooth/controller/libsubsys__bluetooth__controller.a(ull.c.obj)
                0x000000000000919c                ull_event_done
 .text.lll_prepare
                0x00000000000091f8       0x14 zephyr/subsys/bluetooth/controller/libsubsys__bluetooth__controller.a(lll_common.c.obj)
                0x00000000000091f8                lll_prepare
 .text.lll_resume
                0x000000000000920c       0x50 zephyr/subsys/bluetooth/controller/libsubsys__bluetooth__controller.a(lll_common.c.obj)
                0x000000000000920c                lll_resume
 .text.bt_recv_prio
                0x000000000000925c       0x20 zephyr/subsys/bluetooth/controller/libsubsys__bluetooth__controller.a(hci_driver.c.obj)
 .text.hci_driver_send
                0x000000000000927c       0x88 zephyr/subsys/bluetooth/controller/libsubsys__bluetooth__controller.a(hci_driver.c.obj)
 .text.hci_driver_close
                0x0000000000009304       0x50 zephyr/subsys/bluetooth/controller/libsubsys__bluetooth__controller.a(hci_driver.c.obj)
 .text.recv_thread
                0x0000000000009354      0x130 zephyr/subsys/bluetooth/controller/libsubsys__bluetooth__controller.a(hci_driver.c.obj)
 .text.prio_recv_thread
                0x0000000000009484      0x130 zephyr/subsys/bluetooth/controller/libsubsys__bluetooth__controller.a(hci_driver.c.obj)
 .text.hci_driver_open
                0x00000000000095b4       0xb0 zephyr/subsys/bluetooth/controller/libsubsys__bluetooth__controller.a(hci_driver.c.obj)
 .text.hci_recv_fifo_reset
                0x0000000000009664       0x20 zephyr/subsys/bluetooth/controller/libsubsys__bluetooth__controller.a(hci_driver.c.obj)
                0x0000000000009664                hci_recv_fifo_reset
 .text.le_remote_feat_complete
                0x0000000000009684       0x78 zephyr/subsys/bluetooth/controller/libsubsys__bluetooth__controller.a(hci.c.obj)
 .text.hci_vendor_cmd_handle_common
                0x00000000000096fc      0x194 zephyr/subsys/bluetooth/controller/libsubsys__bluetooth__controller.a(hci.c.obj)
                0x00000000000096fc                hci_vendor_cmd_handle_common
 .text.hci_cmd_handle
                0x0000000000009890      0x70c zephyr/subsys/bluetooth/controller/libsubsys__bluetooth__controller.a(hci.c.obj)
                0x0000000000009890                hci_cmd_handle
 .text.hci_acl_handle
                0x0000000000009f9c       0xbc zephyr/subsys/bluetooth/controller/libsubsys__bluetooth__controller.a(hci.c.obj)
                0x0000000000009f9c                hci_acl_handle
 .text.hci_disconn_complete_encode
                0x000000000000a058       0x40 zephyr/subsys/bluetooth/controller/libsubsys__bluetooth__controller.a(hci.c.obj)
                0x000000000000a058                hci_disconn_complete_encode
 .text.hci_disconn_complete_process
                0x000000000000a098       0x10 zephyr/subsys/bluetooth/controller/libsubsys__bluetooth__controller.a(hci.c.obj)
                0x000000000000a098                hci_disconn_complete_process
 .text.hci_acl_encode
                0x000000000000a0a8       0x78 zephyr/subsys/bluetooth/controller/libsubsys__bluetooth__controller.a(hci.c.obj)
                0x000000000000a0a8                hci_acl_encode
 .text.hci_evt_encode
                0x000000000000a120      0x474 zephyr/subsys/bluetooth/controller/libsubsys__bluetooth__controller.a(hci.c.obj)
                0x000000000000a120                hci_evt_encode
 .text.hci_num_cmplt_encode
                0x000000000000a594       0x30 zephyr/subsys/bluetooth/controller/libsubsys__bluetooth__controller.a(hci.c.obj)
                0x000000000000a594                hci_num_cmplt_encode
 .text.hci_get_class
                0x000000000000a5c4       0x2c zephyr/subsys/bluetooth/controller/libsubsys__bluetooth__controller.a(hci.c.obj)
                0x000000000000a5c4                hci_get_class
 .text.hci_init
                0x000000000000a5f0       0x40 zephyr/subsys/bluetooth/controller/libsubsys__bluetooth__controller.a(hci.c.obj)
                0x000000000000a5f0                hci_init
 .text.ticker_stop_cb
                0x000000000000a630       0x90 zephyr/subsys/bluetooth/controller/libsubsys__bluetooth__controller.a(ull_adv.c.obj)
 .text.disabled_cb
                0x000000000000a6c0       0x94 zephyr/subsys/bluetooth/controller/libsubsys__bluetooth__controller.a(ull_adv.c.obj)
 .text.ticker_stop_op_cb
                0x000000000000a754       0x48 zephyr/subsys/bluetooth/controller/libsubsys__bluetooth__controller.a(ull_adv.c.obj)
 .text.adv_disable
                0x000000000000a79c       0x8c zephyr/subsys/bluetooth/controller/libsubsys__bluetooth__controller.a(ull_adv.c.obj)
 .text.ticker_update_op_cb
                0x000000000000a828       0x64 zephyr/subsys/bluetooth/controller/libsubsys__bluetooth__controller.a(ull_adv.c.obj)
 .text.init_set.constprop.0
                0x000000000000a88c       0x40 zephyr/subsys/bluetooth/controller/libsubsys__bluetooth__controller.a(ull_adv.c.obj)
 .text.conn_release.constprop.0
                0x000000000000a8cc       0x88 zephyr/subsys/bluetooth/controller/libsubsys__bluetooth__controller.a(ull_adv.c.obj)
 .text.disable.constprop.0
                0x000000000000a954      0x158 zephyr/subsys/bluetooth/controller/libsubsys__bluetooth__controller.a(ull_adv.c.obj)
 .text.adv_time_get.constprop.0.isra.0
                0x000000000000aaac       0x7c zephyr/subsys/bluetooth/controller/libsubsys__bluetooth__controller.a(ull_adv.c.obj)
 .text.ticker_cb
                0x000000000000ab28      0x148 zephyr/subsys/bluetooth/controller/libsubsys__bluetooth__controller.a(ull_adv.c.obj)
 .text.ll_adv_params_set
                0x000000000000ac70      0x1d4 zephyr/subsys/bluetooth/controller/libsubsys__bluetooth__controller.a(ull_adv.c.obj)
                0x000000000000ac70                ll_adv_params_set
 .text.ull_adv_init
                0x000000000000ae44       0x20 zephyr/subsys/bluetooth/controller/libsubsys__bluetooth__controller.a(ull_adv.c.obj)
                0x000000000000ae44                ull_adv_init
 .text.ull_adv_reset
                0x000000000000ae64        0xc zephyr/subsys/bluetooth/controller/libsubsys__bluetooth__controller.a(ull_adv.c.obj)
                0x000000000000ae64                ull_adv_reset
 .text.ull_adv_reset_finalize
                0x000000000000ae70       0x2c zephyr/subsys/bluetooth/controller/libsubsys__bluetooth__controller.a(ull_adv.c.obj)
                0x000000000000ae70                ull_adv_reset_finalize
 .text.ull_adv_handle_get
                0x000000000000ae9c       0x18 zephyr/subsys/bluetooth/controller/libsubsys__bluetooth__controller.a(ull_adv.c.obj)
                0x000000000000ae9c                ull_adv_handle_get
 .text.ull_adv_lll_handle_get
                0x000000000000aeb4       0x1c zephyr/subsys/bluetooth/controller/libsubsys__bluetooth__controller.a(ull_adv.c.obj)
                0x000000000000aeb4                ull_adv_lll_handle_get
 .text.ull_adv_is_enabled
                0x000000000000aed0       0x18 zephyr/subsys/bluetooth/controller/libsubsys__bluetooth__controller.a(ull_adv.c.obj)
                0x000000000000aed0                ull_adv_is_enabled
 .text.ull_adv_data_set
                0x000000000000aee8       0xc4 zephyr/subsys/bluetooth/controller/libsubsys__bluetooth__controller.a(ull_adv.c.obj)
                0x000000000000aee8                ull_adv_data_set
 .text.ll_adv_data_set
                0x000000000000afac       0x10 zephyr/subsys/bluetooth/controller/libsubsys__bluetooth__controller.a(ull_adv.c.obj)
                0x000000000000afac                ll_adv_data_set
 .text.ull_scan_rsp_set
                0x000000000000afbc       0xcc zephyr/subsys/bluetooth/controller/libsubsys__bluetooth__controller.a(ull_adv.c.obj)
                0x000000000000afbc                ull_scan_rsp_set
 .text.ll_adv_scan_rsp_set
                0x000000000000b088       0x10 zephyr/subsys/bluetooth/controller/libsubsys__bluetooth__controller.a(ull_adv.c.obj)
                0x000000000000b088                ll_adv_scan_rsp_set
 .text.tx_lll_flush
                0x000000000000b098       0xe8 zephyr/subsys/bluetooth/controller/libsubsys__bluetooth__controller.a(ull_conn.c.obj)
 .text.ticker_stop_op_cb
                0x000000000000b180       0x6c zephyr/subsys/bluetooth/controller/libsubsys__bluetooth__controller.a(ull_conn.c.obj)
 .text.disabled_cb
                0x000000000000b1ec       0x44 zephyr/subsys/bluetooth/controller/libsubsys__bluetooth__controller.a(ull_conn.c.obj)
 .text.conn_disable
                0x000000000000b230       0x8c zephyr/subsys/bluetooth/controller/libsubsys__bluetooth__controller.a(ull_conn.c.obj)
 .text.conn_setup_adv_scan_disabled_cb
                0x000000000000b2bc       0x48 zephyr/subsys/bluetooth/controller/libsubsys__bluetooth__controller.a(ull_conn.c.obj)
 .text.ticker_update_conn_op_cb
                0x000000000000b304       0x44 zephyr/subsys/bluetooth/controller/libsubsys__bluetooth__controller.a(ull_conn.c.obj)
 .text.ticker_start_conn_op_cb
                0x000000000000b348       0x60 zephyr/subsys/bluetooth/controller/libsubsys__bluetooth__controller.a(ull_conn.c.obj)
 .text.ticker_stop_conn_op_cb
                0x000000000000b3a8       0x60 zephyr/subsys/bluetooth/controller/libsubsys__bluetooth__controller.a(ull_conn.c.obj)
 .text.init_reset
                0x000000000000b408       0x70 zephyr/subsys/bluetooth/controller/libsubsys__bluetooth__controller.a(ull_conn.c.obj)
 .text.ll_conn_acquire
                0x000000000000b478        0xc zephyr/subsys/bluetooth/controller/libsubsys__bluetooth__controller.a(ull_conn.c.obj)
                0x000000000000b478                ll_conn_acquire
 .text.ll_conn_release
                0x000000000000b484        0xc zephyr/subsys/bluetooth/controller/libsubsys__bluetooth__controller.a(ull_conn.c.obj)
                0x000000000000b484                ll_conn_release
 .text.ll_conn_handle_get
                0x000000000000b490       0x10 zephyr/subsys/bluetooth/controller/libsubsys__bluetooth__controller.a(ull_conn.c.obj)
                0x000000000000b490                ll_conn_handle_get
 .text.ll_conn_get
                0x000000000000b4a0       0x18 zephyr/subsys/bluetooth/controller/libsubsys__bluetooth__controller.a(ull_conn.c.obj)
                0x000000000000b4a0                ll_conn_get
 .text.ll_connected_get
                0x000000000000b4b8       0x24 zephyr/subsys/bluetooth/controller/libsubsys__bluetooth__controller.a(ull_conn.c.obj)
                0x000000000000b4b8                ll_connected_get
 .text.ll_tx_mem_acquire
                0x000000000000b4dc        0xc zephyr/subsys/bluetooth/controller/libsubsys__bluetooth__controller.a(ull_conn.c.obj)
                0x000000000000b4dc                ll_tx_mem_acquire
 .text.ll_tx_mem_release
                0x000000000000b4e8        0xc zephyr/subsys/bluetooth/controller/libsubsys__bluetooth__controller.a(ull_conn.c.obj)
                0x000000000000b4e8                ll_tx_mem_release
 .text.ll_tx_mem_enqueue
                0x000000000000b4f4       0x94 zephyr/subsys/bluetooth/controller/libsubsys__bluetooth__controller.a(ull_conn.c.obj)
                0x000000000000b4f4                ll_tx_mem_enqueue
 .text.ll_conn_update
                0x000000000000b588       0x88 zephyr/subsys/bluetooth/controller/libsubsys__bluetooth__controller.a(ull_conn.c.obj)
                0x000000000000b588                ll_conn_update
 .text.ll_chm_get
                0x000000000000b610       0x48 zephyr/subsys/bluetooth/controller/libsubsys__bluetooth__controller.a(ull_conn.c.obj)
                0x000000000000b610                ll_chm_get
 .text.ll_terminate_ind_send
                0x000000000000b658       0x70 zephyr/subsys/bluetooth/controller/libsubsys__bluetooth__controller.a(ull_conn.c.obj)
                0x000000000000b658                ll_terminate_ind_send
 .text.ll_feature_req_send
                0x000000000000b6c8       0x44 zephyr/subsys/bluetooth/controller/libsubsys__bluetooth__controller.a(ull_conn.c.obj)
                0x000000000000b6c8                ll_feature_req_send
 .text.ll_version_ind_send
                0x000000000000b70c       0x44 zephyr/subsys/bluetooth/controller/libsubsys__bluetooth__controller.a(ull_conn.c.obj)
                0x000000000000b70c                ll_version_ind_send
 .text.ll_phy_get
                0x000000000000b750       0x40 zephyr/subsys/bluetooth/controller/libsubsys__bluetooth__controller.a(ull_conn.c.obj)
                0x000000000000b750                ll_phy_get
 .text.ll_phy_default_set
                0x000000000000b790       0x14 zephyr/subsys/bluetooth/controller/libsubsys__bluetooth__controller.a(ull_conn.c.obj)
                0x000000000000b790                ll_phy_default_set
 .text.ll_phy_req_send
                0x000000000000b7a4       0x68 zephyr/subsys/bluetooth/controller/libsubsys__bluetooth__controller.a(ull_conn.c.obj)
                0x000000000000b7a4                ll_phy_req_send
 .text.ll_apto_get
                0x000000000000b80c       0x6c zephyr/subsys/bluetooth/controller/libsubsys__bluetooth__controller.a(ull_conn.c.obj)
                0x000000000000b80c                ll_apto_get
 .text.ll_apto_set
                0x000000000000b878       0x64 zephyr/subsys/bluetooth/controller/libsubsys__bluetooth__controller.a(ull_conn.c.obj)
                0x000000000000b878                ll_apto_set
 .text.ull_conn_init
                0x000000000000b8dc        0x4 zephyr/subsys/bluetooth/controller/libsubsys__bluetooth__controller.a(ull_conn.c.obj)
                0x000000000000b8dc                ull_conn_init
 .text.ull_conn_reset
                0x000000000000b8e0       0xa8 zephyr/subsys/bluetooth/controller/libsubsys__bluetooth__controller.a(ull_conn.c.obj)
                0x000000000000b8e0                ull_conn_reset
 .text.ull_conn_default_phy_tx_get
                0x000000000000b988        0xc zephyr/subsys/bluetooth/controller/libsubsys__bluetooth__controller.a(ull_conn.c.obj)
                0x000000000000b988                ull_conn_default_phy_tx_get
 .text.ull_conn_default_phy_rx_get
                0x000000000000b994        0xc zephyr/subsys/bluetooth/controller/libsubsys__bluetooth__controller.a(ull_conn.c.obj)
                0x000000000000b994                ull_conn_default_phy_rx_get
 .text.ull_conn_setup
                0x000000000000b9a0       0x54 zephyr/subsys/bluetooth/controller/libsubsys__bluetooth__controller.a(ull_conn.c.obj)
                0x000000000000b9a0                ull_conn_setup
 .text.ull_conn_rx
                0x000000000000b9f4       0x78 zephyr/subsys/bluetooth/controller/libsubsys__bluetooth__controller.a(ull_conn.c.obj)
                0x000000000000b9f4                ull_conn_rx
 .text.ull_conn_llcp
                0x000000000000ba6c       0x68 zephyr/subsys/bluetooth/controller/libsubsys__bluetooth__controller.a(ull_conn.c.obj)
                0x000000000000ba6c                ull_conn_llcp
 .text.ull_conn_tx_demux
                0x000000000000bad4       0x7c zephyr/subsys/bluetooth/controller/libsubsys__bluetooth__controller.a(ull_conn.c.obj)
                0x000000000000bad4                ull_conn_tx_demux
 .text.conn_cleanup
                0x000000000000bb50      0x128 zephyr/subsys/bluetooth/controller/libsubsys__bluetooth__controller.a(ull_conn.c.obj)
 .text.ull_conn_tx_lll_enqueue
                0x000000000000bc78       0x90 zephyr/subsys/bluetooth/controller/libsubsys__bluetooth__controller.a(ull_conn.c.obj)
                0x000000000000bc78                ull_conn_tx_lll_enqueue
 .text.tx_demux
                0x000000000000bd08       0x18 zephyr/subsys/bluetooth/controller/libsubsys__bluetooth__controller.a(ull_conn.c.obj)
 .text.ull_conn_link_tx_release
                0x000000000000bd20        0xc zephyr/subsys/bluetooth/controller/libsubsys__bluetooth__controller.a(ull_conn.c.obj)
                0x000000000000bd20                ull_conn_link_tx_release
 .text.ull_conn_ack_last_idx_get
                0x000000000000bd2c        0xc zephyr/subsys/bluetooth/controller/libsubsys__bluetooth__controller.a(ull_conn.c.obj)
                0x000000000000bd2c                ull_conn_ack_last_idx_get
 .text.ull_conn_ack_peek
                0x000000000000bd38       0x30 zephyr/subsys/bluetooth/controller/libsubsys__bluetooth__controller.a(ull_conn.c.obj)
                0x000000000000bd38                ull_conn_ack_peek
 .text.ull_conn_ack_by_last_peek
                0x000000000000bd68       0x24 zephyr/subsys/bluetooth/controller/libsubsys__bluetooth__controller.a(ull_conn.c.obj)
                0x000000000000bd68                ull_conn_ack_by_last_peek
 .text.ull_conn_ack_dequeue
                0x000000000000bd8c       0x2c zephyr/subsys/bluetooth/controller/libsubsys__bluetooth__controller.a(ull_conn.c.obj)
                0x000000000000bd8c                ull_conn_ack_dequeue
 .text.ull_conn_lll_ack_enqueue
                0x000000000000bdb8       0x60 zephyr/subsys/bluetooth/controller/libsubsys__bluetooth__controller.a(ull_conn.c.obj)
                0x000000000000bdb8                ull_conn_lll_ack_enqueue
 .text.ull_conn_tx_ack
                0x000000000000be18      0x110 zephyr/subsys/bluetooth/controller/libsubsys__bluetooth__controller.a(ull_conn.c.obj)
                0x000000000000be18                ull_conn_tx_ack
 .text.ull_conn_lll_max_tx_octets_get
                0x000000000000bf28        0x4 zephyr/subsys/bluetooth/controller/libsubsys__bluetooth__controller.a(ull_conn.c.obj)
                0x000000000000bf28                ull_conn_lll_max_tx_octets_get
 .text.ull_pdu_data_init
                0x000000000000bf2c        0x4 zephyr/subsys/bluetooth/controller/libsubsys__bluetooth__controller.a(ull_conn.c.obj)
                0x000000000000bf2c                ull_pdu_data_init
 .text.ull_conn_pause_rx_data
                0x000000000000bf30       0x10 zephyr/subsys/bluetooth/controller/libsubsys__bluetooth__controller.a(ull_conn.c.obj)
                0x000000000000bf30                ull_conn_pause_rx_data
 .text.ull_conn_resume_rx_data
                0x000000000000bf40       0x10 zephyr/subsys/bluetooth/controller/libsubsys__bluetooth__controller.a(ull_conn.c.obj)
                0x000000000000bf40                ull_conn_resume_rx_data
 .text.ull_conn_event_counter
                0x000000000000bf50       0x1c zephyr/subsys/bluetooth/controller/libsubsys__bluetooth__controller.a(ull_conn.c.obj)
                0x000000000000bf50                ull_conn_event_counter
 .text.ull_conn_chan_map_set
                0x000000000000bf6c       0x24 zephyr/subsys/bluetooth/controller/libsubsys__bluetooth__controller.a(ull_conn.c.obj)
                0x000000000000bf6c                ull_conn_chan_map_set
 .text.llcp_rp_enc_tx
                0x000000000000bf90       0xc8 zephyr/subsys/bluetooth/controller/libsubsys__bluetooth__controller.a(ull_llcp_enc.c.obj)
 .text.rp_enc_send_enc_rsp.constprop.0
                0x000000000000c058       0x90 zephyr/subsys/bluetooth/controller/libsubsys__bluetooth__controller.a(ull_llcp_enc.c.obj)
 .text.rp_enc_send_start_enc_req.constprop.0
                0x000000000000c0e8       0xb4 zephyr/subsys/bluetooth/controller/libsubsys__bluetooth__controller.a(ull_llcp_enc.c.obj)
 .text.rp_enc_execute_fsm
                0x000000000000c19c      0x29c zephyr/subsys/bluetooth/controller/libsubsys__bluetooth__controller.a(ull_llcp_enc.c.obj)
 .text.llcp_rp_enc_rx
                0x000000000000c438       0x40 zephyr/subsys/bluetooth/controller/libsubsys__bluetooth__controller.a(ull_llcp_enc.c.obj)
                0x000000000000c438                llcp_rp_enc_rx
 .text.llcp_rp_enc_ltk_req_reply
                0x000000000000c478        0x8 zephyr/subsys/bluetooth/controller/libsubsys__bluetooth__controller.a(ull_llcp_enc.c.obj)
                0x000000000000c478                llcp_rp_enc_ltk_req_reply
 .text.llcp_rp_enc_ltk_req_neg_reply
                0x000000000000c480        0x8 zephyr/subsys/bluetooth/controller/libsubsys__bluetooth__controller.a(ull_llcp_enc.c.obj)
                0x000000000000c480                llcp_rp_enc_ltk_req_neg_reply
 .text.llcp_rp_enc_ltk_req_reply_allowed
                0x000000000000c488       0x10 zephyr/subsys/bluetooth/controller/libsubsys__bluetooth__controller.a(ull_llcp_enc.c.obj)
                0x000000000000c488                llcp_rp_enc_ltk_req_reply_allowed
 .text.llcp_rp_enc_run
                0x000000000000c498        0x8 zephyr/subsys/bluetooth/controller/libsubsys__bluetooth__controller.a(ull_llcp_enc.c.obj)
                0x000000000000c498                llcp_rp_enc_run
 .text.pu_check_update_ind
                0x000000000000c4a0       0x60 zephyr/subsys/bluetooth/controller/libsubsys__bluetooth__controller.a(ull_llcp_phy.c.obj)
 .text.pu_ntf   0x000000000000c500       0xac zephyr/subsys/bluetooth/controller/libsubsys__bluetooth__controller.a(ull_llcp_phy.c.obj)
 .text.lp_pu_send_phy_req.constprop.0.isra.0
                0x000000000000c5ac      0x110 zephyr/subsys/bluetooth/controller/libsubsys__bluetooth__controller.a(ull_llcp_phy.c.obj)
 .text.rp_pu_send_phy_rsp.isra.0
                0x000000000000c6bc       0xbc zephyr/subsys/bluetooth/controller/libsubsys__bluetooth__controller.a(ull_llcp_phy.c.obj)
 .text.lp_pu_execute_fsm
                0x000000000000c778      0x2bc zephyr/subsys/bluetooth/controller/libsubsys__bluetooth__controller.a(ull_llcp_phy.c.obj)
 .text.rp_pu_execute_fsm
                0x000000000000ca34      0x248 zephyr/subsys/bluetooth/controller/libsubsys__bluetooth__controller.a(ull_llcp_phy.c.obj)
 .text.llcp_lp_pu_rx
                0x000000000000cc7c       0x40 zephyr/subsys/bluetooth/controller/libsubsys__bluetooth__controller.a(ull_llcp_phy.c.obj)
                0x000000000000cc7c                llcp_lp_pu_rx
 .text.llcp_lp_pu_run
                0x000000000000ccbc        0x8 zephyr/subsys/bluetooth/controller/libsubsys__bluetooth__controller.a(ull_llcp_phy.c.obj)
                0x000000000000ccbc                llcp_lp_pu_run
 .text.llcp_lp_pu_tx_ack
                0x000000000000ccc4        0x8 zephyr/subsys/bluetooth/controller/libsubsys__bluetooth__controller.a(ull_llcp_phy.c.obj)
                0x000000000000ccc4                llcp_lp_pu_tx_ack
 .text.llcp_lp_pu_tx_ntf
                0x000000000000cccc       0x60 zephyr/subsys/bluetooth/controller/libsubsys__bluetooth__controller.a(ull_llcp_phy.c.obj)
                0x000000000000cccc                llcp_lp_pu_tx_ntf
 .text.llcp_rp_pu_rx
                0x000000000000cd2c       0x3c zephyr/subsys/bluetooth/controller/libsubsys__bluetooth__controller.a(ull_llcp_phy.c.obj)
                0x000000000000cd2c                llcp_rp_pu_rx
 .text.llcp_rp_pu_run
                0x000000000000cd68        0x8 zephyr/subsys/bluetooth/controller/libsubsys__bluetooth__controller.a(ull_llcp_phy.c.obj)
                0x000000000000cd68                llcp_rp_pu_run
 .text.llcp_rp_pu_tx_ack
                0x000000000000cd70        0x8 zephyr/subsys/bluetooth/controller/libsubsys__bluetooth__controller.a(ull_llcp_phy.c.obj)
                0x000000000000cd70                llcp_rp_pu_tx_ack
 .text.llcp_rp_pu_tx_ntf
                0x000000000000cd78        0x8 zephyr/subsys/bluetooth/controller/libsubsys__bluetooth__controller.a(ull_llcp_phy.c.obj)
                0x000000000000cd78                llcp_rp_pu_tx_ntf
 .text.ull_tx_q_init
                0x000000000000cd80       0x10 zephyr/subsys/bluetooth/controller/libsubsys__bluetooth__controller.a(ull_tx_queue.c.obj)
                0x000000000000cd80                ull_tx_q_init
 .text.ull_tx_q_pause_data
                0x000000000000cd90        0x8 zephyr/subsys/bluetooth/controller/libsubsys__bluetooth__controller.a(ull_tx_queue.c.obj)
                0x000000000000cd90                ull_tx_q_pause_data
 .text.ull_tx_q_resume_data
                0x000000000000cd98       0x30 zephyr/subsys/bluetooth/controller/libsubsys__bluetooth__controller.a(ull_tx_queue.c.obj)
                0x000000000000cd98                ull_tx_q_resume_data
 .text.ull_tx_q_enqueue_data
                0x000000000000cdc8       0x28 zephyr/subsys/bluetooth/controller/libsubsys__bluetooth__controller.a(ull_tx_queue.c.obj)
                0x000000000000cdc8                ull_tx_q_enqueue_data
 .text.ull_tx_q_enqueue_ctrl
                0x000000000000cdf0       0x14 zephyr/subsys/bluetooth/controller/libsubsys__bluetooth__controller.a(ull_tx_queue.c.obj)
                0x000000000000cdf0                ull_tx_q_enqueue_ctrl
 .text.ull_tx_q_peek
                0x000000000000ce04        0x4 zephyr/subsys/bluetooth/controller/libsubsys__bluetooth__controller.a(ull_tx_queue.c.obj)
                0x000000000000ce04                ull_tx_q_peek
 .text.ull_tx_q_dequeue
                0x000000000000ce08       0x14 zephyr/subsys/bluetooth/controller/libsubsys__bluetooth__controller.a(ull_tx_queue.c.obj)
                0x000000000000ce08                ull_tx_q_dequeue
 .text.pdu_validate_conn_update_ind
                0x000000000000ce1c       0x10 zephyr/subsys/bluetooth/controller/libsubsys__bluetooth__controller.a(ull_llcp.c.obj)
 .text.pdu_validate_chan_map_ind
                0x000000000000ce2c       0x10 zephyr/subsys/bluetooth/controller/libsubsys__bluetooth__controller.a(ull_llcp.c.obj)
 .text.pdu_validate_terminate_ind
                0x000000000000ce3c       0x10 zephyr/subsys/bluetooth/controller/libsubsys__bluetooth__controller.a(ull_llcp.c.obj)
 .text.pdu_validate_enc_req
                0x000000000000ce4c       0x10 zephyr/subsys/bluetooth/controller/libsubsys__bluetooth__controller.a(ull_llcp.c.obj)
 .text.pdu_validate_start_enc_rsp
                0x000000000000ce5c       0x10 zephyr/subsys/bluetooth/controller/libsubsys__bluetooth__controller.a(ull_llcp.c.obj)
 .text.pdu_validate_feature_req
                0x000000000000ce6c       0x10 zephyr/subsys/bluetooth/controller/libsubsys__bluetooth__controller.a(ull_llcp.c.obj)
 .text.pdu_validate_version_ind
                0x000000000000ce7c       0x10 zephyr/subsys/bluetooth/controller/libsubsys__bluetooth__controller.a(ull_llcp.c.obj)
 .text.pdu_validate_conn_param_req
                0x000000000000ce8c       0x10 zephyr/subsys/bluetooth/controller/libsubsys__bluetooth__controller.a(ull_llcp.c.obj)
 .text.pdu_validate_reject_ext_ind
                0x000000000000ce9c       0x10 zephyr/subsys/bluetooth/controller/libsubsys__bluetooth__controller.a(ull_llcp.c.obj)
 .text.pdu_validate_phy_upd_ind
                0x000000000000ceac       0x10 zephyr/subsys/bluetooth/controller/libsubsys__bluetooth__controller.a(ull_llcp.c.obj)
 .text.create_procedure
                0x000000000000cebc       0x38 zephyr/subsys/bluetooth/controller/libsubsys__bluetooth__controller.a(ull_llcp.c.obj)
 .text.pdu_validate_clock_accuracy_rsp
                0x000000000000cef4       0x10 zephyr/subsys/bluetooth/controller/libsubsys__bluetooth__controller.a(ull_llcp.c.obj)
 .text.pdu_validate_unknown_rsp
                0x000000000000cf04       0x10 zephyr/subsys/bluetooth/controller/libsubsys__bluetooth__controller.a(ull_llcp.c.obj)
 .text.pdu_validate_pause_enc_req
                0x000000000000cf14       0x10 zephyr/subsys/bluetooth/controller/libsubsys__bluetooth__controller.a(ull_llcp.c.obj)
 .text.pdu_validate_reject_ind
                0x000000000000cf24       0x10 zephyr/subsys/bluetooth/controller/libsubsys__bluetooth__controller.a(ull_llcp.c.obj)
 .text.pdu_validate_conn_param_rsp
                0x000000000000cf34       0x10 zephyr/subsys/bluetooth/controller/libsubsys__bluetooth__controller.a(ull_llcp.c.obj)
 .text.pdu_validate_ping_req
                0x000000000000cf44       0x10 zephyr/subsys/bluetooth/controller/libsubsys__bluetooth__controller.a(ull_llcp.c.obj)
 .text.pdu_validate_ping_rsp
                0x000000000000cf54       0x10 zephyr/subsys/bluetooth/controller/libsubsys__bluetooth__controller.a(ull_llcp.c.obj)
 .text.pdu_validate_length_rsp
                0x000000000000cf64       0x10 zephyr/subsys/bluetooth/controller/libsubsys__bluetooth__controller.a(ull_llcp.c.obj)
 .text.pdu_validate_phy_req
                0x000000000000cf74       0x10 zephyr/subsys/bluetooth/controller/libsubsys__bluetooth__controller.a(ull_llcp.c.obj)
 .text.pdu_validate_phy_rsp
                0x000000000000cf84       0x10 zephyr/subsys/bluetooth/controller/libsubsys__bluetooth__controller.a(ull_llcp.c.obj)
 .text.llcp_proc_ctx_release
                0x000000000000cf94       0x48 zephyr/subsys/bluetooth/controller/libsubsys__bluetooth__controller.a(ull_llcp.c.obj)
                0x000000000000cf94                llcp_proc_ctx_release
 .text.llcp_tx_alloc_peek
                0x000000000000cfdc       0x10 zephyr/subsys/bluetooth/controller/libsubsys__bluetooth__controller.a(ull_llcp.c.obj)
                0x000000000000cfdc                llcp_tx_alloc_peek
 .text.llcp_tx_alloc
                0x000000000000cfec       0x18 zephyr/subsys/bluetooth/controller/libsubsys__bluetooth__controller.a(ull_llcp.c.obj)
                0x000000000000cfec                llcp_tx_alloc
 .text.llcp_ntf_alloc_is_available
                0x000000000000d004       0x10 zephyr/subsys/bluetooth/controller/libsubsys__bluetooth__controller.a(ull_llcp.c.obj)
                0x000000000000d004                llcp_ntf_alloc_is_available
 .text.llcp_ntf_alloc
                0x000000000000d014        0x4 zephyr/subsys/bluetooth/controller/libsubsys__bluetooth__controller.a(ull_llcp.c.obj)
                0x000000000000d014                llcp_ntf_alloc
 .text.llcp_tx_enqueue
                0x000000000000d018        0x8 zephyr/subsys/bluetooth/controller/libsubsys__bluetooth__controller.a(ull_llcp.c.obj)
                0x000000000000d018                llcp_tx_enqueue
 .text.llcp_tx_pause_data
                0x000000000000d020       0x28 zephyr/subsys/bluetooth/controller/libsubsys__bluetooth__controller.a(ull_llcp.c.obj)
                0x000000000000d020                llcp_tx_pause_data
 .text.llcp_tx_resume_data
                0x000000000000d048       0x18 zephyr/subsys/bluetooth/controller/libsubsys__bluetooth__controller.a(ull_llcp.c.obj)
                0x000000000000d048                llcp_tx_resume_data
 .text.llcp_rx_node_retain
                0x000000000000d060       0x48 zephyr/subsys/bluetooth/controller/libsubsys__bluetooth__controller.a(ull_llcp.c.obj)
                0x000000000000d060                llcp_rx_node_retain
 .text.llcp_rx_node_release
                0x000000000000d0a8       0x4c zephyr/subsys/bluetooth/controller/libsubsys__bluetooth__controller.a(ull_llcp.c.obj)
                0x000000000000d0a8                llcp_rx_node_release
 .text.llcp_nodes_release
                0x000000000000d0f4       0x34 zephyr/subsys/bluetooth/controller/libsubsys__bluetooth__controller.a(ull_llcp.c.obj)
                0x000000000000d0f4                llcp_nodes_release
 .text.llcp_create_remote_procedure
                0x000000000000d128       0x3c zephyr/subsys/bluetooth/controller/libsubsys__bluetooth__controller.a(ull_llcp.c.obj)
                0x000000000000d128                llcp_create_remote_procedure
 .text.ull_cp_init
                0x000000000000d164       0x38 zephyr/subsys/bluetooth/controller/libsubsys__bluetooth__controller.a(ull_llcp.c.obj)
                0x000000000000d164                ull_cp_init
 .text.ull_llcp_init
                0x000000000000d19c       0x6c zephyr/subsys/bluetooth/controller/libsubsys__bluetooth__controller.a(ull_llcp.c.obj)
                0x000000000000d19c                ull_llcp_init
 .text.ull_cp_release_tx
                0x000000000000d208        0xc zephyr/subsys/bluetooth/controller/libsubsys__bluetooth__controller.a(ull_llcp.c.obj)
                0x000000000000d208                ull_cp_release_tx
 .text.ull_cp_prt_elapse
                0x000000000000d214       0x78 zephyr/subsys/bluetooth/controller/libsubsys__bluetooth__controller.a(ull_llcp.c.obj)
                0x000000000000d214                ull_cp_prt_elapse
 .text.ull_cp_prt_reload_set
                0x000000000000d28c       0x14 zephyr/subsys/bluetooth/controller/libsubsys__bluetooth__controller.a(ull_llcp.c.obj)
                0x000000000000d28c                ull_cp_prt_reload_set
 .text.ull_cp_run
                0x000000000000d2a0       0x14 zephyr/subsys/bluetooth/controller/libsubsys__bluetooth__controller.a(ull_llcp.c.obj)
                0x000000000000d2a0                ull_cp_run
 .text.ull_cp_state_set
                0x000000000000d2b4       0x28 zephyr/subsys/bluetooth/controller/libsubsys__bluetooth__controller.a(ull_llcp.c.obj)
                0x000000000000d2b4                ull_cp_state_set
 .text.ull_cp_release_nodes
                0x000000000000d2dc       0x40 zephyr/subsys/bluetooth/controller/libsubsys__bluetooth__controller.a(ull_llcp.c.obj)
                0x000000000000d2dc                ull_cp_release_nodes
 .text.ull_cp_min_used_chans
                0x000000000000d31c       0x3c zephyr/subsys/bluetooth/controller/libsubsys__bluetooth__controller.a(ull_llcp.c.obj)
                0x000000000000d31c                ull_cp_min_used_chans
 .text.ull_cp_le_ping
                0x000000000000d358       0x24 zephyr/subsys/bluetooth/controller/libsubsys__bluetooth__controller.a(ull_llcp.c.obj)
                0x000000000000d358                ull_cp_le_ping
 .text.ull_cp_feature_exchange
                0x000000000000d37c       0x30 zephyr/subsys/bluetooth/controller/libsubsys__bluetooth__controller.a(ull_llcp.c.obj)
                0x000000000000d37c                ull_cp_feature_exchange
 .text.ull_cp_version_exchange
                0x000000000000d3ac       0x24 zephyr/subsys/bluetooth/controller/libsubsys__bluetooth__controller.a(ull_llcp.c.obj)
                0x000000000000d3ac                ull_cp_version_exchange
 .text.ull_cp_phy_update
                0x000000000000d3d0       0x50 zephyr/subsys/bluetooth/controller/libsubsys__bluetooth__controller.a(ull_llcp.c.obj)
                0x000000000000d3d0                ull_cp_phy_update
 .text.ull_cp_terminate
                0x000000000000d420       0x34 zephyr/subsys/bluetooth/controller/libsubsys__bluetooth__controller.a(ull_llcp.c.obj)
                0x000000000000d420                ull_cp_terminate
 .text.ull_cp_chan_map_update_pending
                0x000000000000d454       0x24 zephyr/subsys/bluetooth/controller/libsubsys__bluetooth__controller.a(ull_llcp.c.obj)
                0x000000000000d454                ull_cp_chan_map_update_pending
 .text.ull_cp_ltk_req_reply
                0x000000000000d478       0x4c zephyr/subsys/bluetooth/controller/libsubsys__bluetooth__controller.a(ull_llcp.c.obj)
                0x000000000000d478                ull_cp_ltk_req_reply
 .text.ull_cp_ltk_req_neq_reply
                0x000000000000d4c4       0x30 zephyr/subsys/bluetooth/controller/libsubsys__bluetooth__controller.a(ull_llcp.c.obj)
                0x000000000000d4c4                ull_cp_ltk_req_neq_reply
 .text.ull_cp_conn_update
                0x000000000000d4f4       0xf8 zephyr/subsys/bluetooth/controller/libsubsys__bluetooth__controller.a(ull_llcp.c.obj)
                0x000000000000d4f4                ull_cp_conn_update
 .text.ull_cp_conn_param_req_reply
                0x000000000000d5ec       0x20 zephyr/subsys/bluetooth/controller/libsubsys__bluetooth__controller.a(ull_llcp.c.obj)
                0x000000000000d5ec                ull_cp_conn_param_req_reply
 .text.ull_cp_conn_param_req_neg_reply
                0x000000000000d60c       0x24 zephyr/subsys/bluetooth/controller/libsubsys__bluetooth__controller.a(ull_llcp.c.obj)
                0x000000000000d60c                ull_cp_conn_param_req_neg_reply
 .text.ull_cp_remote_cpr_pending
                0x000000000000d630       0x18 zephyr/subsys/bluetooth/controller/libsubsys__bluetooth__controller.a(ull_llcp.c.obj)
                0x000000000000d630                ull_cp_remote_cpr_pending
 .text.ull_cp_tx_ack
                0x000000000000d648       0x3c zephyr/subsys/bluetooth/controller/libsubsys__bluetooth__controller.a(ull_llcp.c.obj)
                0x000000000000d648                ull_cp_tx_ack
 .text.ull_cp_tx_ntf
                0x000000000000d684       0x28 zephyr/subsys/bluetooth/controller/libsubsys__bluetooth__controller.a(ull_llcp.c.obj)
                0x000000000000d684                ull_cp_tx_ntf
 .text.ull_cp_rx
                0x000000000000d6ac      0x180 zephyr/subsys/bluetooth/controller/libsubsys__bluetooth__controller.a(ull_llcp.c.obj)
                0x000000000000d6ac                ull_cp_rx
 .text.lp_comm_tx
                0x000000000000d82c       0xf4 zephyr/subsys/bluetooth/controller/libsubsys__bluetooth__controller.a(ull_llcp_common.c.obj)